BL51 BANKED LINKER/LOCATER V4.20                                                        07/03/2002  08:51:27  PAGE 1


BL51 BANKED LINKER/LOCATER V4.20, INVOKED BY:
C:\KEIL\C51\BIN\BL51.EXE ..\out\UCOS_II.obj, ..\out\OS_CPU_C.obj, ..\out\OS_CPU_A.obj, ..\out\mainfile.obj, ..\out\funct
>> ion.obj TO ..\out\EXEc51 REGFILE (..\out\EXEc51.ORC) PRINT (..\out\EXEc51.m51) CODE (0X0000-0XFFFF) XDATA (0X3000-0X7
>> FFF)


MEMORY MODEL: LARGE WITH FLOATING POINT ARITHMETIC


INPUT MODULES INCLUDED:
  ..\out\UCOS_II.obj (UCOS_II)
  ..\out\OS_CPU_C.obj (OS_CPU_C)
  ..\out\OS_CPU_A.obj (OS_CPU_A_ASM)
  ..\out\mainfile.obj (MAINFILE)
  ..\out\function.obj (FUNCTION)
  C:\KEIL\C51\LIB\C51FPL.LIB (?C?FPDIV)
  C:\KEIL\C51\LIB\C51FPL.LIB (PRINTF)
  C:\KEIL\C51\LIB\C51FPL.LIB (?C?FPGETOPN)
  C:\KEIL\C51\LIB\C51FPL.LIB (?C?FPROUND)
  C:\KEIL\C51\LIB\C51FPL.LIB (?C?FPCONVERT)
  C:\KEIL\C51\LIB\C51FPL.LIB (?C?FPADD)
  C:\KEIL\C51\LIB\C51FPL.LIB (?C?FPMUL)
  C:\KEIL\C51\LIB\C51FPL.LIB (?C?FTNPWR)
  C:\KEIL\C51\LIB\C51L.LIB (?C_STARTUP)
  C:\KEIL\C51\LIB\C51L.LIB (?C?COPY)
  C:\KEIL\C51\LIB\C51L.LIB (?C?CLDPTR)
  C:\KEIL\C51\LIB\C51L.LIB (?C?CLDOPTR)
  C:\KEIL\C51\LIB\C51L.LIB (?C?CSTPTR)
  C:\KEIL\C51\LIB\C51L.LIB (?C?CSTOPTR)
  C:\KEIL\C51\LIB\C51L.LIB (?C?IMUL)
  C:\KEIL\C51\LIB\C51L.LIB (?C?IILDX)
  C:\KEIL\C51\LIB\C51L.LIB (?C?ILDOPTR)
  C:\KEIL\C51\LIB\C51L.LIB (?C?IILDOPTR)
  C:\KEIL\C51\LIB\C51L.LIB (?C?ISTPTR)
  C:\KEIL\C51\LIB\C51L.LIB (?C?ISTOPTR)
  C:\KEIL\C51\LIB\C51L.LIB (?C?LADD)
  C:\KEIL\C51\LIB\C51L.LIB (?C?LMUL)
  C:\KEIL\C51\LIB\C51L.LIB (?C?ULDIV)
  C:\KEIL\C51\LIB\C51L.LIB (?C?SLDIV)
  C:\KEIL\C51\LIB\C51L.LIB (?C?SLCMP)
  C:\KEIL\C51\LIB\C51L.LIB (?C?ULCMP)
  C:\KEIL\C51\LIB\C51L.LIB (?C?ULSHR)
  C:\KEIL\C51\LIB\C51L.LIB (?C?LLDXDATA)
  C:\KEIL\C51\LIB\C51L.LIB (?C?LLDXDATA0)
  C:\KEIL\C51\LIB\C51L.LIB (?C?LSTXDATA)
  C:\KEIL\C51\LIB\C51L.LIB (?C?LSTKXDATA)
  C:\KEIL\C51\LIB\C51L.LIB (?C?OFFXADD)
  C:\KEIL\C51\LIB\C51L.LIB (?C?PLDXDATA)
  C:\KEIL\C51\LIB\C51L.LIB (?C?PLDIXDATA)
  C:\KEIL\C51\LIB\C51L.LIB (?C?PILDXDATA)
  C:\KEIL\C51\LIB\C51L.LIB (?C?PSTXDATA)
  C:\KEIL\C51\LIB\C51L.LIB (?C?PLDPTR)
  C:\KEIL\C51\LIB\C51L.LIB (?C?PSTPTR)
  C:\KEIL\C51\LIB\C51L.LIB (?C?PLDOPTR)
  C:\KEIL\C51\LIB\C51L.LIB (?C?PSTOPTR)
  C:\KEIL\C51\LIB\C51L.LIB (?C?CCASE)
  C:\KEIL\C51\LIB\C51L.LIB (?C?ADDXBP)
  C:\KEIL\C51\LIB\C51L.LIB (?C?XBPOFF)
BL51 BANKED LINKER/LOCATER V4.20                                                      07/03/2002  08:51:27  PAGE 2


  C:\KEIL\C51\LIB\C51L.LIB (PUTCHAR)
  C:\KEIL\C51\LIB\C51L.LIB (?C_INIT)
  C:\KEIL\C51\LIB\C51L.LIB (?C?PLDIDATA)
  C:\KEIL\C51\LIB\C51L.LIB (?C?PSTIDATA)
  C:\KEIL\C51\LIB\C51L.LIB (?C?PLDPDATA)
  C:\KEIL\C51\LIB\C51L.LIB (?C?PSTPDATA)
  C:\KEIL\C51\LIB\C51L.LIB (?C?PLDCODE)


LINK MAP OF MODULE:  ..\out\EXEc51 (UCOS_II)


            TYPE    BASE      LENGTH    RELOCATION   SEGMENT NAME
            -----------------------------------------------------

            * * * * * * *   D A T A   M E M O R Y   * * * * * * *
            REG     0000H     0008H     ABSOLUTE     "REG BANK 0"
            DATA    0008H     0005H     UNIT         _DATA_GROUP_
            DATA    000DH     0004H     UNIT         DT?C_XBP
            DATA    0011H     0002H     UNIT         ?DT?FUNCTION
                    0013H     000DH                  *** GAP ***
            BIT     0020H.0   0001H.1   UNIT         _BIT_GROUP_
                    0021H.1   0000H.7                *** GAP ***
            IDATA   0022H     0001H     UNIT         ?STACK

            * * * * * * *  X D A T A   M E M O R Y  * * * * * * *
                    0000H     3000H                  *** GAP ***
            XDATA   3000H     0250H     UNIT         ?XD?UCOS_II
            XDATA   3250H     0119H     UNIT         ?XD?MAINFILE
            XDATA   3369H     0030H     UNIT         _XDATA_GROUP_

            * * * * * * *   C O D E   M E M O R Y   * * * * * * *
            CODE    0000H     0003H     ABSOLUTE     
            CODE    0003H     0006H     INBLOCK      ?PR?FUNCTION
            CODE    0009H     0001H     INBLOCK      ?PR?OSDUMMY?UCOS_II
            CODE    000AH     0001H     INBLOCK      ?PR?_?OSTASKSWHOOK?OS_CPU_C
            CODE    000BH     0003H     ABSOLUTE     
            CODE    000EH     0A87H     UNIT         ?C?LIB_CODE
            CODE    0A95H     0491H     UNIT         ?PR?PRINTF?PRINTF
            CODE    0F26H     00D3H     INBLOCK      ?PR?_?OSSEMPEND?UCOS_II
            CODE    0FF9H     0005H     INBLOCK      ?PR?_?OSVERSION?UCOS_II
            CODE    0FFEH     0001H     INBLOCK      ?PR?_?OSTASKSTATHOOK?OS_CPU_C
            CODE    0FFFH     0001H     INBLOCK      ?PR?_?OSTIMETICKHOOK?OS_CPU_C
            CODE    1000H     0244H     INBLOCK      ?PR?UCOS_II
            CODE    1244H     018EH     INBLOCK      ?PR?_?OSTCBINIT?UCOS_II
            CODE    13D2H     0174H     INBLOCK      ?PR?_?OSINIT?UCOS_II
            CODE    1546H     0150H     INBLOCK      ?PR?_?OSTIMEDLYHMSM?UCOS_II
            CODE    1696H     014FH     INBLOCK      ?PR?_?OSMBOXPEND?UCOS_II
            CODE    17E5H     012FH     UNIT         ?CO?MAINFILE
            CODE    1914H     0129H     UNIT         ?C_INITSEG
            CODE    1A3DH     00F2H     INBLOCK      ?PR?_?OSEVENTTASKRDY?UCOS_II
            CODE    1B2FH     00EBH     INBLOCK      ?PR?_?OSTASKCREATE?UCOS_II
            CODE    1C1AH     00CFH     UNIT         PR?OSCTXSW
            CODE    1CE9H     00B9H     UNIT         PR?OSINTCTXSW
            CODE    1DA2H     00B4H     INBLOCK      ?PR?MAIN?MAINFILE
            CODE    1E56H     00B2H     INBLOCK      ?PR?_?OSTASKSTKINIT?OS_CPU_C
            CODE    1F08H     00B1H     INBLOCK      ?PR?_?OSTASKSTAT?UCOS_II
BL51 BANKED LINKER/LOCATER V4.20                                                      07/03/2002  08:51:27  PAGE 3


            CODE    1FB9H     0045H     INBLOCK      ?PR?OS_CPU_C
                    1FFEH     0002H                  *** GAP ***
            CODE    2000H     00AEH     INBLOCK      ?PR?_?OSTIMETICK?UCOS_II
            CODE    20AEH     009AH     INBLOCK      ?PR?_?TASKTHIRD?MAINFILE
            CODE    2148H     0095H     INBLOCK      ?PR?_?OSSEMQUERY?UCOS_II
            CODE    21DDH     0091H     INBLOCK      ?PR?_?OSMBOXQUERY?UCOS_II
            CODE    226EH     008CH     UNIT         ?C_C51STARTUP
            CODE    22FAH     0087H     INBLOCK      ?PR?_?TASKSTART?MAINFILE
            CODE    2381H     0087H     INBLOCK      ?PR?_?TASKSECOND?MAINFILE
            CODE    2408H     0085H     INBLOCK      ?PR?_ENABLEPRINTF?FUNCTION
            CODE    248DH     0081H     INBLOCK      ?PR?_?OSEVENTTASKWAIT?UCOS_II
            CODE    250EH     007BH     INBLOCK      ?PR?_?OSTASKQUERY?UCOS_II
            CODE    2589H     007AH     INBLOCK      ?PR?_?OSTIMEDLYRESUME?UCOS_II
            CODE    2603H     0079H     INBLOCK      ?PR?_?OSSEMPOST?UCOS_II
            CODE    267CH     0077H     INBLOCK      ?PR?_?OSMBOXPOST?UCOS_II
            CODE    26F3H     0073H     INBLOCK      ?PR?_TIMERINITIATE?FUNCTION
            CODE    2766H     0066H     INBLOCK      ?PR?_?OSEVENTTO?UCOS_II
            CODE    27CCH     0030H     INBLOCK      ?PR?_?OSSCHEDUNLOCK?UCOS_II
                    27FCH     0004H                  *** GAP ***
            CODE    2800H     0063H     INBLOCK      ?PR?MAINFILE
            CODE    2863H     005BH     INBLOCK      ?PR?_?OSMBOXCREATE?UCOS_II
            CODE    28BEH     005BH     UNIT         PR?OSSTARTHIGHRDY
            CODE    2919H     0056H     INBLOCK      ?PR?_?OSSEMCREATE?UCOS_II
            CODE    296FH     0056H     INBLOCK      ?PR?_?OSTIMEDLY?UCOS_II
            CODE    29C5H     004CH     INBLOCK      ?PR?_?OSMBOXACCEPT?UCOS_II
            CODE    2A11H     0049H     INBLOCK      ?PR?_?OSSEMACCEPT?UCOS_II
            CODE    2A5AH     0048H     INBLOCK      ?PR?_?OSTICKISR?OS_CPU_C
            CODE    2AA2H     0044H     UNIT         ?C?LDIV
            CODE    2AE6H     0040H     INBLOCK      ?PR?_?OSSTART?UCOS_II
            CODE    2B26H     003EH     INBLOCK      ?PR?_?OSEVENTWAITLISTINIT?UCOS_II
            CODE    2B64H     003DH     INBLOCK      ?PR?_?OSINTEXIT?UCOS_II
            CODE    2BA1H     003CH     INBLOCK      ?PR?_?OSSTATINIT?UCOS_II
            CODE    2BDDH     003AH     INBLOCK      ?PR?_?OSSCHED?UCOS_II
            CODE    2C17H     0027H     UNIT         ?PR?PUTCHAR?PUTCHAR
            CODE    2C3EH     0025H     INBLOCK      ?PR?_?OSTIMEGET?UCOS_II
            CODE    2C63H     0024H     INBLOCK      ?PR?_?OSTASKIDLE?UCOS_II
            CODE    2C87H     0022H     INBLOCK      ?PR?_?OSTIMESET?UCOS_II
            CODE    2CA9H     0018H     INBLOCK      ?PR?_?OSSCHEDLOCK?UCOS_II
            CODE    2CC1H     0015H     INBLOCK      ?PR?_?OSTASKCREATEHOOK?OS_CPU_C
            CODE    2CD6H     0015H     INBLOCK      ?PR?_?OSTASKDELHOOK?OS_CPU_C
            CODE    2CEBH     0011H     INBLOCK      ?PR?_?OSINTENTER?UCOS_II
            CODE    2CFCH     0009H     INBLOCK      ?PR?_?USERTICKTIMER?FUNCTION



OVERLAY MAP OF MODULE:   ..\out\EXEc51 (UCOS_II)


SEGMENT                                      BIT_GROUP          DATA_GROUP          XDATA_GROUP
  +--> CALLED SEGMENT                     START    LENGTH     START    LENGTH     START    LENGTH
-------------------------------------------------------------------------------------------------
?PR?_?OSTICKISR?OS_CPU_C                  -----    -----      -----    -----      -----    -----
  +--> ?PR?_?OSINTENTER?UCOS_II
  +--> ?PR?_?USERTICKTIMER?FUNCTION
  +--> ?PR?_?OSTIMETICK?UCOS_II
  +--> ?PR?_?OSINTEXIT?UCOS_II

BL51 BANKED LINKER/LOCATER V4.20                                                      07/03/2002  08:51:27  PAGE 4


?PR?_?OSTIMETICK?UCOS_II                  -----    -----      -----    -----      -----    -----
  +--> ?PR?UCOS_II
  +--> ?PR?_?OSTIMETICKHOOK?OS_CPU_C

?PR?_?OSINTEXIT?UCOS_II                   -----    -----      -----    -----      -----    -----
  +--> ?PR?UCOS_II

*** NEW ROOT ***************************************************

?C_C51STARTUP                             -----    -----      -----    -----      -----    -----
  +--> ?PR?MAIN?MAINFILE
  +--> ?C_INITSEG

?PR?MAIN?MAINFILE                         -----    -----      -----    -----      -----    -----
  +--> ?PR?_?OSINIT?UCOS_II
  +--> ?PR?_ENABLEPRINTF?FUNCTION
  +--> ?CO?MAINFILE
  +--> ?PR?PRINTF?PRINTF
  +--> ?PR?MAINFILE
  +--> ?PR?_?OSSEMCREATE?UCOS_II
  +--> ?PR?_?TASKSTART?MAINFILE
  +--> ?PR?_?TASKSECOND?MAINFILE
  +--> ?PR?_?TASKTHIRD?MAINFILE
  +--> ?PR?_?OSTASKCREATE?UCOS_II
  +--> ?PR?_?OSSTART?UCOS_II
  +--> ?PR?_?OSMBOXCREATE?UCOS_II

?PR?_?OSINIT?UCOS_II                      -----    -----      -----    -----      -----    -----
  +--> ?PR?UCOS_II
  +--> ?PR?_?OSTASKIDLE?UCOS_II
  +--> ?PR?_?OSTASKCREATE?UCOS_II
  +--> ?PR?_?OSTASKSTAT?UCOS_II

?PR?_?OSTASKIDLE?UCOS_II                  -----    -----      -----    -----      -----    -----
  +--> ?PR?UCOS_II

?PR?_?OSTASKCREATE?UCOS_II                -----    -----      -----    -----      -----    -----
  +--> ?PR?UCOS_II
  +--> ?PR?_?OSTASKSTKINIT?OS_CPU_C
  +--> ?PR?_?OSTCBINIT?UCOS_II
  +--> ?PR?_?OSTASKCREATEHOOK?OS_CPU_C
  +--> ?PR?_?OSSCHED?UCOS_II

?PR?_?OSTASKSTKINIT?OS_CPU_C              -----    -----      -----    -----      -----    -----
  +--> ?PR?OS_CPU_C

?PR?_?OSTCBINIT?UCOS_II                   -----    -----      -----    -----      -----    -----
  +--> ?PR?UCOS_II

?PR?_?OSTASKCREATEHOOK?OS_CPU_C           -----    -----      -----    -----      -----    -----
  +--> ?PR?OS_CPU_C

?PR?_?OSSCHED?UCOS_II                     -----    -----      -----    -----      -----    -----
  +--> ?PR?UCOS_II

?PR?_?OSTASKSTAT?UCOS_II                  -----    -----      -----    -----      -----    -----
  +--> ?PR?UCOS_II
BL51 BANKED LINKER/LOCATER V4.20                                                      07/03/2002  08:51:27  PAGE 5


  +--> ?PR?_?OSTIMEDLY?UCOS_II
  +--> ?PR?_?OSTASKSTATHOOK?OS_CPU_C

?PR?_?OSTIMEDLY?UCOS_II                   -----    -----      -----    -----      -----    -----
  +--> ?PR?UCOS_II
  +--> ?PR?_?OSSCHED?UCOS_II

?PR?_ENABLEPRINTF?FUNCTION                -----    -----      -----    -----      3369H    0006H
  +--> ?PR?FUNCTION

?PR?PRINTF?PRINTF                         0020H.0  0001H.1    0008H    0005H      3369H    0030H
  +--> ?PR?PUTCHAR?PUTCHAR

?PR?MAINFILE                              -----    -----      -----    -----      -----    -----
  +--> ?CO?MAINFILE

?PR?_?OSSEMCREATE?UCOS_II                 -----    -----      -----    -----      -----    -----
  +--> ?PR?UCOS_II
  +--> ?PR?_?OSEVENTWAITLISTINIT?UCOS_II

?PR?_?OSEVENTWAITLISTINIT?UCOS_II         -----    -----      -----    -----      -----    -----
  +--> ?PR?UCOS_II

?PR?_?TASKSTART?MAINFILE                  -----    -----      -----    -----      -----    -----
  +--> ?PR?MAINFILE
  +--> ?PR?_TIMERINITIATE?FUNCTION
  +--> ?PR?_?OSSEMPEND?UCOS_II
  +--> ?CO?MAINFILE
  +--> ?PR?PRINTF?PRINTF
  +--> ?PR?_?OSSEMPOST?UCOS_II
  +--> ?PR?_?OSTIMEDLY?UCOS_II

?PR?_TIMERINITIATE?FUNCTION               -----    -----      -----    -----      3369H    0005H

?PR?_?OSSEMPEND?UCOS_II                   -----    -----      -----    -----      -----    -----
  +--> ?PR?UCOS_II
  +--> ?PR?_?OSEVENTTASKWAIT?UCOS_II
  +--> ?PR?_?OSSCHED?UCOS_II
  +--> ?PR?_?OSEVENTTO?UCOS_II

?PR?_?OSEVENTTASKWAIT?UCOS_II             -----    -----      -----    -----      -----    -----
  +--> ?PR?UCOS_II

?PR?_?OSEVENTTO?UCOS_II                   -----    -----      -----    -----      -----    -----
  +--> ?PR?UCOS_II

?PR?_?OSSEMPOST?UCOS_II                   -----    -----      -----    -----      -----    -----
  +--> ?PR?UCOS_II
  +--> ?PR?_?OSEVENTTASKRDY?UCOS_II
  +--> ?PR?_?OSSCHED?UCOS_II

?PR?_?OSEVENTTASKRDY?UCOS_II              -----    -----      -----    -----      -----    -----
  +--> ?PR?UCOS_II

?PR?_?TASKSECOND?MAINFILE                 -----    -----      -----    -----      -----    -----
  +--> ?PR?MAINFILE
  +--> ?PR?_?OSMBOXPOST?UCOS_II
BL51 BANKED LINKER/LOCATER V4.20                                                      07/03/2002  08:51:27  PAGE 6


  +--> ?PR?_?OSSEMPEND?UCOS_II
  +--> ?CO?MAINFILE
  +--> ?PR?PRINTF?PRINTF
  +--> ?PR?_?OSSEMPOST?UCOS_II
  +--> ?PR?_?OSMBOXPEND?UCOS_II

?PR?_?OSMBOXPOST?UCOS_II                  -----    -----      -----    -----      -----    -----
  +--> ?PR?UCOS_II
  +--> ?PR?_?OSEVENTTASKRDY?UCOS_II
  +--> ?PR?_?OSSCHED?UCOS_II

?PR?_?OSMBOXPEND?UCOS_II                  -----    -----      -----    -----      -----    -----
  +--> ?PR?UCOS_II
  +--> ?PR?_?OSEVENTTASKWAIT?UCOS_II
  +--> ?PR?_?OSSCHED?UCOS_II
  +--> ?PR?_?OSEVENTTO?UCOS_II

?PR?_?TASKTHIRD?MAINFILE                  -----    -----      -----    -----      -----    -----
  +--> ?PR?MAINFILE
  +--> ?PR?_?OSMBOXPEND?UCOS_II
  +--> ?PR?_?OSSEMPEND?UCOS_II
  +--> ?CO?MAINFILE
  +--> ?PR?PRINTF?PRINTF
  +--> ?PR?_?OSSEMPOST?UCOS_II
  +--> ?PR?_?OSMBOXPOST?UCOS_II

?PR?_?OSSTART?UCOS_II                     -----    -----      -----    -----      -----    -----
  +--> ?PR?UCOS_II

?PR?_?OSMBOXCREATE?UCOS_II                -----    -----      -----    -----      -----    -----
  +--> ?PR?UCOS_II
  +--> ?PR?_?OSEVENTWAITLISTINIT?UCOS_II



SYMBOL TABLE OF MODULE:  ..\out\EXEc51 (UCOS_II)

  VALUE           TYPE          NAME
  ----------------------------------

  -------         MODULE        UCOS_II
  C:1A3DH         SEGMENT       ?PR?_?OSEVENTTASKRDY?UCOS_II
  C:248DH         SEGMENT       ?PR?_?OSEVENTTASKWAIT?UCOS_II
  C:2766H         SEGMENT       ?PR?_?OSEVENTTO?UCOS_II
  C:2B26H         SEGMENT       ?PR?_?OSEVENTWAITLISTINIT?UCOS_II
  C:13D2H         SEGMENT       ?PR?_?OSINIT?UCOS_II
  C:2CEBH         SEGMENT       ?PR?_?OSINTENTER?UCOS_II
  C:2B64H         SEGMENT       ?PR?_?OSINTEXIT?UCOS_II
  C:2BDDH         SEGMENT       ?PR?_?OSSCHED?UCOS_II
  C:2CA9H         SEGMENT       ?PR?_?OSSCHEDLOCK?UCOS_II
  C:27CCH         SEGMENT       ?PR?_?OSSCHEDUNLOCK?UCOS_II
  C:2AE6H         SEGMENT       ?PR?_?OSSTART?UCOS_II
  C:2BA1H         SEGMENT       ?PR?_?OSSTATINIT?UCOS_II
  C:2C63H         SEGMENT       ?PR?_?OSTASKIDLE?UCOS_II
  C:1F08H         SEGMENT       ?PR?_?OSTASKSTAT?UCOS_II
  C:1244H         SEGMENT       ?PR?_?OSTCBINIT?UCOS_II
  C:2000H         SEGMENT       ?PR?_?OSTIMETICK?UCOS_II
BL51 BANKED LINKER/LOCATER V4.20                                                      07/03/2002  08:51:27  PAGE 7


  C:0FF9H         SEGMENT       ?PR?_?OSVERSION?UCOS_II
  C:29C5H         SEGMENT       ?PR?_?OSMBOXACCEPT?UCOS_II
  C:2863H         SEGMENT       ?PR?_?OSMBOXCREATE?UCOS_II
  C:1696H         SEGMENT       ?PR?_?OSMBOXPEND?UCOS_II
  C:267CH         SEGMENT       ?PR?_?OSMBOXPOST?UCOS_II
  C:21DDH         SEGMENT       ?PR?_?OSMBOXQUERY?UCOS_II
  C:2A11H         SEGMENT       ?PR?_?OSSEMACCEPT?UCOS_II
  C:2919H         SEGMENT       ?PR?_?OSSEMCREATE?UCOS_II
  C:0F26H         SEGMENT       ?PR?_?OSSEMPEND?UCOS_II
  C:2603H         SEGMENT       ?PR?_?OSSEMPOST?UCOS_II
  C:2148H         SEGMENT       ?PR?_?OSSEMQUERY?UCOS_II
  C:0009H         SEGMENT       ?PR?OSDUMMY?UCOS_II
  C:1B2FH         SEGMENT       ?PR?_?OSTASKCREATE?UCOS_II
  C:250EH         SEGMENT       ?PR?_?OSTASKQUERY?UCOS_II
  C:296FH         SEGMENT       ?PR?_?OSTIMEDLY?UCOS_II
  C:1546H         SEGMENT       ?PR?_?OSTIMEDLYHMSM?UCOS_II
  C:2589H         SEGMENT       ?PR?_?OSTIMEDLYRESUME?UCOS_II
  C:2C3EH         SEGMENT       ?PR?_?OSTIMEGET?UCOS_II
  C:2C87H         SEGMENT       ?PR?_?OSTIMESET?UCOS_II
  C:1914H         SEGMENT       ?C_INITSEG
  X:3000H         SEGMENT       ?XD?UCOS_II
  C:1000H         SEGMENT       ?PR?UCOS_II
  X:3001H         PUBLIC        OSCPUUSAGE
  X:31DCH         PUBLIC        OSCTXSWCTR
  X:31F8H         PUBLIC        OSEVENTFREELIST
  X:31E0H         PUBLIC        OSEVENTTBL
  X:31FBH         PUBLIC        OSIDLECTR
  X:324BH         PUBLIC        OSIDLECTRMAX
  X:3002H         PUBLIC        OSIDLECTRRUN
  X:31C4H         PUBLIC        OSINTNESTING
  X:3047H         PUBLIC        OSLOCKNESTING
  X:3200H         PUBLIC        OSMAPTBL
  X:3208H         PUBLIC        OSPRIOCUR
  X:324AH         PUBLIC        OSPRIOHIGHRDY
  X:3000H         PUBLIC        OSRDYGRP
  X:324FH         PUBLIC        OSRDYTBL
  X:3006H         PUBLIC        OSRUNNING
  X:3249H         PUBLIC        OSSTATRDY
  X:31FFH         PUBLIC        OSTASKCTR
  X:30C1H         PUBLIC        OSTCBCUR
  X:30BEH         PUBLIC        OSTCBFREELIST
  X:31C5H         PUBLIC        OSTCBHIGHRDY
  X:3048H         PUBLIC        OSTCBLIST
  X:31CCH         PUBLIC        OSTCBPRIOTBL
  X:31C8H         PUBLIC        OSTIME
  X:30C4H         PUBLIC        OSUNMAPTBL
  C:1A3DH         PUBLIC        _?OSEVENTTASKRDY
  C:248DH         PUBLIC        _?OSEVENTTASKWAIT
  C:2766H         PUBLIC        _?OSEVENTTO
  C:2B26H         PUBLIC        _?OSEVENTWAITLISTINIT
  C:13D2H         PUBLIC        _?OSINIT
  C:2CEBH         PUBLIC        _?OSINTENTER
  C:2B64H         PUBLIC        _?OSINTEXIT
  C:29C5H         PUBLIC        _?OSMBOXACCEPT
  C:2863H         PUBLIC        _?OSMBOXCREATE
  C:1696H         PUBLIC        _?OSMBOXPEND
  C:267CH         PUBLIC        _?OSMBOXPOST
BL51 BANKED LINKER/LOCATER V4.20                                                      07/03/2002  08:51:27  PAGE 8


  C:21DDH         PUBLIC        _?OSMBOXQUERY
  C:2BDDH         PUBLIC        _?OSSCHED
  C:2CA9H         PUBLIC        _?OSSCHEDLOCK
  C:27CCH         PUBLIC        _?OSSCHEDUNLOCK
  C:2A11H         PUBLIC        _?OSSEMACCEPT
  C:2919H         PUBLIC        _?OSSEMCREATE
  C:0F26H         PUBLIC        _?OSSEMPEND
  C:2603H         PUBLIC        _?OSSEMPOST
  C:2148H         PUBLIC        _?OSSEMQUERY
  C:2AE6H         PUBLIC        _?OSSTART
  C:2BA1H         PUBLIC        _?OSSTATINIT
  C:1B2FH         PUBLIC        _?OSTASKCREATE
  C:2C63H         PUBLIC        _?OSTASKIDLE
  C:250EH         PUBLIC        _?OSTASKQUERY
  C:1F08H         PUBLIC        _?OSTASKSTAT
  C:1244H         PUBLIC        _?OSTCBINIT
  C:296FH         PUBLIC        _?OSTIMEDLY
  C:1546H         PUBLIC        _?OSTIMEDLYHMSM
  C:2589H         PUBLIC        _?OSTIMEDLYRESUME
  C:2C3EH         PUBLIC        _?OSTIMEGET
  C:2C87H         PUBLIC        _?OSTIMESET
  C:2000H         PUBLIC        _?OSTIMETICK
  C:0FF9H         PUBLIC        _?OSVERSION
  C:1AB7H         SYMBOL        ?C0001
  C:1B29H         SYMBOL        ?C0003
  C:24C4H         SYMBOL        ?C0004
  C:27B1H         SYMBOL        ?C0006
  C:2B3FH         SYMBOL        ?C0008
  C:2B5EH         SYMBOL        ?C0011
  C:140FH         SYMBOL        ?C0012
  C:1430H         SYMBOL        ?C0013
  C:1449H         SYMBOL        ?C0015
  C:1474H         SYMBOL        ?C0016
  C:147BH         SYMBOL        ?C0018
  C:14BAH         SYMBOL        ?C0019
  C:14D2H         SYMBOL        ?C0021
  C:1505H         SYMBOL        ?C0022
  C:2B9CH         SYMBOL        ?C0026
  C:2C0DH         SYMBOL        ?C0029
  C:2CC0H         SYMBOL        ?C0033
  C:27F7H         SYMBOL        ?C0035
  C:27F2H         SYMBOL        ?C0036
  C:27FBH         SYMBOL        ?C0039
  C:2B20H         SYMBOL        ?C0041
  C:2C72H         SYMBOL        ?C0043
  C:1F1DH         SYMBOL        ?C0046
  C:1F2BH         SYMBOL        ?C0048
  C:1FA8H         SYMBOL        ?C0050
  C:1F97H         SYMBOL        ?C0051
  C:1FA1H         SYMBOL        ?C0053
  C:1FADH         SYMBOL        ?C0055
  C:13C6H         SYMBOL        ?C0057
  C:1393H         SYMBOL        ?C0058
  C:13CCH         SYMBOL        ?C0059
  C:2012H         SYMBOL        ?C0061
  C:2085H         SYMBOL        ?C0062
  C:2070H         SYMBOL        ?C0063
BL51 BANKED LINKER/LOCATER V4.20                                                      07/03/2002  08:51:27  PAGE 9


  C:2063H         SYMBOL        ?C0065
  C:0FFDH         SYMBOL        ?C0068
  C:29E4H         SYMBOL        ?C0069
  C:2A0BH         SYMBOL        ?C0070
  C:2A01H         SYMBOL        ?C0071
  C:2880H         SYMBOL        ?C0072
  C:28B2H         SYMBOL        ?C0073
  C:28B8H         SYMBOL        ?C0074
  C:16C8H         SYMBOL        ?C0075
  C:17DFH         SYMBOL        ?C0076
  C:16EBH         SYMBOL        ?C0077
  C:17D9H         SYMBOL        ?C0078
  C:1702H         SYMBOL        ?C0079
  C:1778H         SYMBOL        ?C0081
  C:179EH         SYMBOL        ?C0083
  C:2697H         SYMBOL        ?C0085
  C:26EDH         SYMBOL        ?C0086
  C:26BFH         SYMBOL        ?C0087
  C:26D5H         SYMBOL        ?C0089
  C:2201H         SYMBOL        ?C0091
  C:2268H         SYMBOL        ?C0092
  C:2233H         SYMBOL        ?C0093
  C:224AH         SYMBOL        ?C0094
  C:2A33H         SYMBOL        ?C0096
  C:2A54H         SYMBOL        ?C0097
  C:2A50H         SYMBOL        ?C0098
  C:2939H         SYMBOL        ?C0099
  C:2963H         SYMBOL        ?C0100
  C:2969H         SYMBOL        ?C0101
  C:0F50H         SYMBOL        ?C0102
  C:0F68H         SYMBOL        ?C0103
  C:0F7FH         SYMBOL        ?C0105
  C:0FD3H         SYMBOL        ?C0107
  C:0FF3H         SYMBOL        ?C0109
  C:261EH         SYMBOL        ?C0110
  C:2676H         SYMBOL        ?C0111
  C:2640H         SYMBOL        ?C0112
  C:2670H         SYMBOL        ?C0114
  C:216CH         SYMBOL        ?C0116
  C:21D7H         SYMBOL        ?C0117
  C:21A2H         SYMBOL        ?C0118
  C:21B9H         SYMBOL        ?C0119
  C:1B46H         SYMBOL        ?C0122
  C:1C14H         SYMBOL        ?C0123
  C:1C0EH         SYMBOL        ?C0124
  C:1BF1H         SYMBOL        ?C0125
  C:1C07H         SYMBOL        ?C0127
  C:2526H         SYMBOL        ?C0129
  C:2583H         SYMBOL        ?C0130
  C:253FH         SYMBOL        ?C0131
  C:2558H         SYMBOL        ?C0132
  C:29ACH         SYMBOL        ?C0134
  C:29BFH         SYMBOL        ?C0135
  C:168EH         SYMBOL        ?C0136
  C:1580H         SYMBOL        ?C0137
  C:158EH         SYMBOL        ?C0138
  C:1690H         SYMBOL        ?C0139
BL51 BANKED LINKER/LOCATER V4.20                                                      07/03/2002  08:51:27  PAGE 10


  C:159AH         SYMBOL        ?C0140
  C:15ACH         SYMBOL        ?C0141
  C:1668H         SYMBOL        ?C0142
  C:168AH         SYMBOL        ?C0143
  C:259AH         SYMBOL        ?C0145
  C:25FDH         SYMBOL        ?C0146
  C:25F7H         SYMBOL        ?C0147
  C:25EFH         SYMBOL        ?C0148
  C:25E7H         SYMBOL        ?C0149
  C:25EBH         SYMBOL        ?C0150
  C:2C5DH         SYMBOL        ?C0153
  C:14E2H         SYMBOL        ?C0155
  C:1FA8H         SYMBOL        ?C0169
  C:176FH         SYMBOL        ?C0170
  C:1776H         SYMBOL        ?C0171
  C:179CH         SYMBOL        ?C0172
  C:17D6H         SYMBOL        ?C0173
  C:0FE9H         SYMBOL        ?C0174
  C:0FD1H         SYMBOL        ?C0175
  C:0FF0H         SYMBOL        ?C0176
  B:00D0H.6       SYMBOL        AC
  D:00E0H         SYMBOL        ACC
  D:00F0H         SYMBOL        B
  C:1000H         SYMBOL        COM00B1
  B:00C8H.0       SYMBOL        CP_RL2
  B:00D0H.7       SYMBOL        CY
  B:00C8H.1       SYMBOL        C_T2
  D:0083H         SYMBOL        DPH
  D:0082H         SYMBOL        DPL
  B:00A8H.7       SYMBOL        EA
  B:00A8H.4       SYMBOL        ES
  B:00A8H.1       SYMBOL        ET0
  B:00A8H.3       SYMBOL        ET1
  B:00A8H.5       SYMBOL        ET2
  B:00A8H.0       SYMBOL        EX0
  B:00A8H.2       SYMBOL        EX1
  B:00C8H.3       SYMBOL        EXEN2
  B:00C8H.6       SYMBOL        EXF2
  B:00D0H.5       SYMBOL        F0
  D:00A8H         SYMBOL        IE
  B:0088H.1       SYMBOL        IE0
  B:0088H.3       SYMBOL        IE1
  B:00B0H.2       SYMBOL        INT0
  B:00B0H.3       SYMBOL        INT1
  D:00B8H         SYMBOL        IP
  B:0088H.0       SYMBOL        IT0
  B:0088H.2       SYMBOL        IT1
  C:1000H         SYMBOL        L?0178
  C:100DH         SYMBOL        L?0179
  C:1010H         SYMBOL        L?0180
  C:1016H         SYMBOL        L?0181
  C:1019H         SYMBOL        L?0182
  C:1020H         SYMBOL        L?0183
  C:102CH         SYMBOL        L?0184
  C:1032H         SYMBOL        L?0185
  C:103BH         SYMBOL        L?0186
  C:103BH         SYMBOL        L?0187
BL51 BANKED LINKER/LOCATER V4.20                                                      07/03/2002  08:51:27  PAGE 11


  C:103EH         SYMBOL        L?0188
  C:1044H         SYMBOL        L?0189
  C:1047H         SYMBOL        L?0190
  C:1054H         SYMBOL        L?0191
  C:105AH         SYMBOL        L?0192
  C:1064H         SYMBOL        L?0193
  C:1067H         SYMBOL        L?0194
  C:106AH         SYMBOL        L?0195
  C:106BH         SYMBOL        L?0196
  C:1079H         SYMBOL        L?0197
  C:1079H         SYMBOL        L?0198
  C:107CH         SYMBOL        L?0199
  C:107DH         SYMBOL        L?0200
  C:1083H         SYMBOL        L?0201
  C:1087H         SYMBOL        L?0202
  C:108AH         SYMBOL        L?0203
  C:1091H         SYMBOL        L?0204
  C:1091H         SYMBOL        L?0205
  C:1094H         SYMBOL        L?0206
  C:1095H         SYMBOL        L?0207
  C:10A0H         SYMBOL        L?0208
  C:10B2H         SYMBOL        L?0209
  C:10C2H         SYMBOL        L?0210
  C:10CDH         SYMBOL        L?0211
  C:10CEH         SYMBOL        L?0212
  C:10D4H         SYMBOL        L?0213
  C:10D4H         SYMBOL        L?0214
  C:10DAH         SYMBOL        L?0215
  C:10DCH         SYMBOL        L?0216
  C:10E2H         SYMBOL        L?0217
  C:10E8H         SYMBOL        L?0218
  C:10EFH         SYMBOL        L?0219
  C:10F0H         SYMBOL        L?0220
  C:10F6H         SYMBOL        L?0221
  C:10F6H         SYMBOL        L?0222
  C:10F9H         SYMBOL        L?0223
  C:1101H         SYMBOL        L?0224
  C:1101H         SYMBOL        L?0225
  C:1107H         SYMBOL        L?0226
  C:1107H         SYMBOL        L?0227
  C:110AH         SYMBOL        L?0228
  C:1110H         SYMBOL        L?0229
  C:1111H         SYMBOL        L?0230
  C:1117H         SYMBOL        L?0231
  C:111AH         SYMBOL        L?0232
  C:1125H         SYMBOL        L?0233
  C:1125H         SYMBOL        L?0234
  C:1128H         SYMBOL        L?0235
  C:112EH         SYMBOL        L?0236
  C:112EH         SYMBOL        L?0237
  C:1131H         SYMBOL        L?0238
  C:1137H         SYMBOL        L?0239
  C:1142H         SYMBOL        L?0240
  C:114AH         SYMBOL        L?0241
  C:114AH         SYMBOL        L?0242
  C:114DH         SYMBOL        L?0243
  C:1154H         SYMBOL        L?0244
BL51 BANKED LINKER/LOCATER V4.20                                                      07/03/2002  08:51:27  PAGE 12


  C:1154H         SYMBOL        L?0245
  C:1155H         SYMBOL        L?0246
  C:115BH         SYMBOL        L?0247
  C:116FH         SYMBOL        L?0248
  C:1178H         SYMBOL        L?0249
  C:117EH         SYMBOL        L?0250
  C:1181H         SYMBOL        L?0251
  C:1188H         SYMBOL        L?0252
  C:1188H         SYMBOL        L?0253
  C:118EH         SYMBOL        L?0254
  C:118EH         SYMBOL        L?0255
  C:1194H         SYMBOL        L?0256
  C:1194H         SYMBOL        L?0257
  C:119AH         SYMBOL        L?0258
  C:119AH         SYMBOL        L?0259
  C:11A2H         SYMBOL        L?0260
  C:11A3H         SYMBOL        L?0261
  C:11ACH         SYMBOL        L?0262
  C:11AFH         SYMBOL        L?0263
  C:11B5H         SYMBOL        L?0264
  C:11B5H         SYMBOL        L?0265
  C:11B6H         SYMBOL        L?0266
  C:11BCH         SYMBOL        L?0267
  C:11C0H         SYMBOL        L?0268
  C:11C7H         SYMBOL        L?0269
  C:11D3H         SYMBOL        L?0270
  C:11D3H         SYMBOL        L?0271
  C:11D9H         SYMBOL        L?0272
  C:11D9H         SYMBOL        L?0273
  C:11E0H         SYMBOL        L?0274
  C:11E3H         SYMBOL        L?0275
  C:11E9H         SYMBOL        L?0276
  C:11F4H         SYMBOL        L?0277
  C:11F4H         SYMBOL        L?0278
  C:11FCH         SYMBOL        L?0279
  C:1207H         SYMBOL        L?0280
  C:1212H         SYMBOL        L?0281
  C:1212H         SYMBOL        L?0282
  C:1218H         SYMBOL        L?0283
  C:1222H         SYMBOL        L?0284
  C:1222H         SYMBOL        L?0285
  C:1229H         SYMBOL        L?0286
  C:1229H         SYMBOL        L?0287
  C:1230H         SYMBOL        L?0288
  C:1230H         SYMBOL        L?0289
  C:1237H         SYMBOL        L?0290
  C:1237H         SYMBOL        L?0291
  C:123EH         SYMBOL        L?0292
  C:123EH         SYMBOL        L?0293
  C:0009H         SYMBOL        OSDUMMY
  X:31DBH         SYMBOL        OSINTEXITY
  X:3209H         SYMBOL        OSTASKIDLESTK
  X:3007H         SYMBOL        OSTASKSTATSTK
  X:304BH         SYMBOL        OSTCBTBL
  B:00D0H.2       SYMBOL        OV
  B:00D0H.0       SYMBOL        P
  D:0080H         SYMBOL        P0
BL51 BANKED LINKER/LOCATER V4.20                                                      07/03/2002  08:51:27  PAGE 13


  D:0090H         SYMBOL        P1
  D:00A0H         SYMBOL        P2
  D:00B0H         SYMBOL        P3
  D:0087H         SYMBOL        PCON
  B:00B8H.4       SYMBOL        PS
  D:00D0H         SYMBOL        PSW
  B:00B8H.1       SYMBOL        PT0
  B:00B8H.3       SYMBOL        PT1
  B:00B8H.5       SYMBOL        PT2
  B:00B8H.0       SYMBOL        PX0
  B:00B8H.2       SYMBOL        PX1
  B:0098H.2       SYMBOL        RB8
  D:00CBH         SYMBOL        RCAP2H
  D:00CAH         SYMBOL        RCAP2L
  B:00C8H.5       SYMBOL        RCLK
  B:00B0H.7       SYMBOL        RD
  B:0098H.4       SYMBOL        REN
  B:0098H.0       SYMBOL        RI
  B:00D0H.3       SYMBOL        RS0
  B:00D0H.4       SYMBOL        RS1
  B:00B0H.0       SYMBOL        RXD
  D:0099H         SYMBOL        SBUF
  D:0098H         SYMBOL        SCON
  B:0098H.7       SYMBOL        SM0
  B:0098H.6       SYMBOL        SM1
  B:0098H.5       SYMBOL        SM2
  D:0081H         SYMBOL        SP
  B:00B0H.4       SYMBOL        T0
  B:00B0H.5       SYMBOL        T1
  B:0090H.0       SYMBOL        T2
  D:00C8H         SYMBOL        T2CON
  B:0090H.1       SYMBOL        T2EX
  B:0098H.3       SYMBOL        TB8
  B:00C8H.4       SYMBOL        TCLK
  D:0088H         SYMBOL        TCON
  B:0088H.5       SYMBOL        TF0
  B:0088H.7       SYMBOL        TF1
  B:00C8H.7       SYMBOL        TF2
  D:008CH         SYMBOL        TH0
  D:008DH         SYMBOL        TH1
  D:00CDH         SYMBOL        TH2
  B:0098H.1       SYMBOL        TI
  D:008AH         SYMBOL        TL0
  D:008BH         SYMBOL        TL1
  D:00CCH         SYMBOL        TL2
  D:0089H         SYMBOL        TMOD
  B:0088H.4       SYMBOL        TR0
  B:0088H.6       SYMBOL        TR1
  B:00C8H.2       SYMBOL        TR2
  B:00B0H.1       SYMBOL        TXD
  N:0000H         SYMBOL        UCOS_II
  B:00B0H.6       SYMBOL        WR
  C:1000H         LINE#         629
  C:1003H         LINE#         630
  C:1004H         LINE#         631
  C:1006H         LINE#         632
  C:1008H         LINE#         633
BL51 BANKED LINKER/LOCATER V4.20                                                      07/03/2002  08:51:27  PAGE 14


  C:1009H         LINE#         634
  C:100BH         LINE#         635
  C:100DH         LINE#         637
  C:1010H         LINE#         639
  C:1013H         LINE#         640
  C:1016H         LINE#         642
  C:1019H         LINE#         644
  C:101CH         LINE#         645
  C:101FH         LINE#         646
  C:1020H         LINE#         649
  C:1021H         LINE#         650
  C:1023H         LINE#         651
  C:1026H         LINE#         652
  C:1029H         LINE#         653
  C:102CH         LINE#         655
  C:102EH         LINE#         656
  C:1030H         LINE#         657
  C:1032H         LINE#         659
  C:1035H         LINE#         660
  C:1038H         LINE#         661
  C:103BH         LINE#         665
  C:103EH         LINE#         667
  C:1041H         LINE#         668
  C:1044H         LINE#         671
  C:1047H         LINE#         673
  C:104AH         LINE#         674
  C:104DH         LINE#         675
  C:104EH         LINE#         676
  C:104FH         LINE#         677
  C:1050H         LINE#         678
  C:1053H         LINE#         679
  C:1054H         LINE#         681
  C:1057H         LINE#         682
  C:105AH         LINE#         684
  C:105CH         LINE#         685
  C:105EH         LINE#         686
  C:105FH         LINE#         687
  C:1061H         LINE#         688
  C:1063H         LINE#         689
  C:1064H         LINE#         692
  C:1067H         LINE#         694
  C:106AH         LINE#         696
  C:106BH         LINE#         698
  C:106EH         LINE#         699
  C:106FH         LINE#         700
  C:1071H         LINE#         701
  C:1073H         LINE#         702
  C:1074H         LINE#         703
  C:1076H         LINE#         704
  C:1078H         LINE#         705
  C:1079H         LINE#         709
  C:107CH         LINE#         711
  C:107DH         LINE#         713
  C:1080H         LINE#         714
  C:1083H         LINE#         717
  C:1086H         LINE#         718
  C:1087H         LINE#         720
BL51 BANKED LINKER/LOCATER V4.20                                                      07/03/2002  08:51:27  PAGE 15


  C:108AH         LINE#         722
  C:108CH         LINE#         723
  C:108EH         LINE#         724
  C:1090H         LINE#         725
  C:1091H         LINE#         729
  C:1094H         LINE#         731
  C:1095H         LINE#         733
  C:1097H         LINE#         734
  C:1099H         LINE#         735
  C:109AH         LINE#         736
  C:109CH         LINE#         737
  C:109EH         LINE#         738
  C:109FH         LINE#         739
  C:10A0H         LINE#         742
  C:10A3H         LINE#         743
  C:10A6H         LINE#         744
  C:10A9H         LINE#         745
  C:10ACH         LINE#         746
  C:10AFH         LINE#         747
  C:10B2H         LINE#         749
  C:10B3H         LINE#         750
  C:10B5H         LINE#         751
  C:10B6H         LINE#         752
  C:10B7H         LINE#         753
  C:10B8H         LINE#         754
  C:10B9H         LINE#         755
  C:10BAH         LINE#         756
  C:10BBH         LINE#         757
  C:10BCH         LINE#         758
  C:10BDH         LINE#         759
  C:10BEH         LINE#         760
  C:10BFH         LINE#         761
  C:10C2H         LINE#         764
  C:10C3H         LINE#         765
  C:10C4H         LINE#         766
  C:10C7H         LINE#         767
  C:10CAH         LINE#         768
  C:10CDH         LINE#         770
  C:10CEH         LINE#         772
  C:10D1H         LINE#         773
  C:10D4H         LINE#         777
  C:10D7H         LINE#         778
  C:10DAH         LINE#         780
  C:10DBH         LINE#         781
  C:10DCH         LINE#         783
  C:10DFH         LINE#         784
  C:10E2H         LINE#         787
  C:10E5H         LINE#         788
  C:10E8H         LINE#         790
  C:10EBH         LINE#         791
  C:10ECH         LINE#         792
  C:10EDH         LINE#         793
  C:10EEH         LINE#         794
  C:10EFH         LINE#         797
  C:10F0H         LINE#         799
  C:10F3H         LINE#         800
  C:10F6H         LINE#         804
BL51 BANKED LINKER/LOCATER V4.20                                                      07/03/2002  08:51:27  PAGE 16


  C:10F9H         LINE#         806
  C:10FAH         LINE#         807
  C:10FCH         LINE#         808
  C:10FDH         LINE#         809
  C:10FEH         LINE#         810
  C:10FFH         LINE#         811
  C:1100H         LINE#         812
  C:1101H         LINE#         816
  C:1104H         LINE#         817
  C:1107H         LINE#         821
  C:110AH         LINE#         823
  C:110DH         LINE#         824
  C:1110H         LINE#         827
  C:1111H         LINE#         829
  C:1114H         LINE#         830
  C:1117H         LINE#         833
  C:111AH         LINE#         835
  C:111CH         LINE#         836
  C:111EH         LINE#         837
  C:111FH         LINE#         838
  C:1121H         LINE#         839
  C:1123H         LINE#         840
  C:1124H         LINE#         841
  C:1125H         LINE#         845
  C:1128H         LINE#         847
  C:112BH         LINE#         848
  C:112EH         LINE#         852
  C:112FH         LINE#         853
  C:1131H         LINE#         855
  C:1134H         LINE#         856
  C:1137H         LINE#         859
  C:1138H         LINE#         860
  C:1139H         LINE#         861
  C:113AH         LINE#         862
  C:113BH         LINE#         863
  C:113CH         LINE#         864
  C:113EH         LINE#         865
  C:113FH         LINE#         866
  C:1140H         LINE#         867
  C:1141H         LINE#         868
  C:1142H         LINE#         870
  C:1145H         LINE#         871
  C:1146H         LINE#         872
  C:1149H         LINE#         873
  C:114AH         LINE#         877
  C:114BH         LINE#         878
  C:114DH         LINE#         880
  C:114EH         LINE#         881
  C:114FH         LINE#         882
  C:1150H         LINE#         883
  C:1151H         LINE#         884
  C:1154H         LINE#         888
  C:1155H         LINE#         890
  C:1158H         LINE#         891
  C:115BH         LINE#         894
  C:115EH         LINE#         895
  C:115FH         LINE#         896
BL51 BANKED LINKER/LOCATER V4.20                                                      07/03/2002  08:51:27  PAGE 17


  C:1160H         LINE#         897
  C:1163H         LINE#         898
  C:1166H         LINE#         899
  C:1167H         LINE#         900
  C:1168H         LINE#         901
  C:1169H         LINE#         902
  C:116AH         LINE#         903
  C:116DH         LINE#         904
  C:116EH         LINE#         905
  C:116FH         LINE#         908
  C:1172H         LINE#         909
  C:1175H         LINE#         910
  C:1178H         LINE#         912
  C:117BH         LINE#         913
  C:117EH         LINE#         916
  C:1181H         LINE#         918
  C:1183H         LINE#         919
  C:1185H         LINE#         920
  C:1188H         LINE#         924
  C:118BH         LINE#         925
  C:118EH         LINE#         929
  C:1191H         LINE#         930
  C:1194H         LINE#         934
  C:1197H         LINE#         935
  C:119AH         LINE#         939
  C:119DH         LINE#         940
  C:119EH         LINE#         941
  C:119FH         LINE#         942
  C:11A0H         LINE#         943
  C:11A1H         LINE#         944
  C:11A2H         LINE#         947
  C:11A3H         LINE#         949
  C:11A6H         LINE#         950
  C:11A7H         LINE#         951
  C:11A8H         LINE#         952
  C:11A9H         LINE#         953
  C:11AAH         LINE#         954
  C:11ABH         LINE#         955
  C:11ACH         LINE#         958
  C:11AFH         LINE#         960
  C:11B2H         LINE#         961
  C:11B5H         LINE#         965
  C:11B6H         LINE#         967
  C:11B9H         LINE#         968
  C:11BCH         LINE#         971
  C:11BDH         LINE#         972
  C:11BEH         LINE#         973
  C:11BFH         LINE#         974
  C:11C0H         LINE#         976
  C:11C1H         LINE#         977
  C:11C3H         LINE#         978
  C:11C4H         LINE#         979
  C:11C6H         LINE#         980
  C:11C7H         LINE#         983
  C:11CAH         LINE#         984
  C:11CDH         LINE#         985
  C:11D0H         LINE#         986
BL51 BANKED LINKER/LOCATER V4.20                                                      07/03/2002  08:51:27  PAGE 18


  C:11D3H         LINE#         990
  C:11D6H         LINE#         991
  C:11D9H         LINE#         995
  C:11DCH         LINE#         996
  C:11DFH         LINE#         997
  C:11E0H         LINE#         1000
  C:11E1H         LINE#         1001
  C:11E3H         LINE#         1003
  C:11E4H         LINE#         1004
  C:11E5H         LINE#         1005
  C:11E6H         LINE#         1006
  C:11E9H         LINE#         1009
  C:11EAH         LINE#         1010
  C:11EDH         LINE#         1011
  C:11F0H         LINE#         1012
  C:11F1H         LINE#         1013
  C:11F4H         LINE#         1017
  C:11F7H         LINE#         1018
  C:11FAH         LINE#         1019
  C:11FBH         LINE#         1020
  C:11FCH         LINE#         1023
  C:11FFH         LINE#         1024
  C:1200H         LINE#         1025
  C:1202H         LINE#         1026
  C:1203H         LINE#         1027
  C:1204H         LINE#         1028
  C:1205H         LINE#         1029
  C:1206H         LINE#         1030
  C:1207H         LINE#         1033
  C:120AH         LINE#         1034
  C:120BH         LINE#         1035
  C:120CH         LINE#         1036
  C:120FH         LINE#         1037
  C:1210H         LINE#         1038
  C:1211H         LINE#         1039
  C:1212H         LINE#         1043
  C:1215H         LINE#         1044
  C:1218H         LINE#         1047
  C:121BH         LINE#         1048
  C:121EH         LINE#         1049
  C:121FH         LINE#         1050
  C:1221H         LINE#         1051
  C:1222H         LINE#         1055
  C:1223H         LINE#         1056
  C:1224H         LINE#         1057
  C:1225H         LINE#         1058
  C:1226H         LINE#         1059
  C:1227H         LINE#         1060
  C:1228H         LINE#         1061
  C:1229H         LINE#         1065
  C:122AH         LINE#         1066
  C:122BH         LINE#         1067
  C:122CH         LINE#         1068
  C:122DH         LINE#         1069
  C:122EH         LINE#         1070
  C:122FH         LINE#         1071
  C:1230H         LINE#         1075
BL51 BANKED LINKER/LOCATER V4.20                                                      07/03/2002  08:51:27  PAGE 19


  C:1233H         LINE#         1076
  C:1236H         LINE#         1077
  C:1237H         LINE#         1081
  C:123AH         LINE#         1082
  C:123DH         LINE#         1083
  C:123EH         LINE#         1087
  C:1241H         LINE#         1088
  C:1A3DH         LINE#         1097
  C:1A40H         LINE#         1098
  C:1A43H         LINE#         1099
  C:1A46H         LINE#         1111
  C:1A49H         LINE#         1112
  C:1A4CH         LINE#         1113
  C:1A4FH         LINE#         1114
  C:1A52H         LINE#         1115
  C:1A55H         LINE#         1116
  C:1A56H         LINE#         1117
  C:1A57H         LINE#         1120
  C:1A5AH         LINE#         1121
  C:1A5BH         LINE#         1122
  C:1A5CH         LINE#         1123
  C:1A5FH         LINE#         1124
  C:1A62H         LINE#         1125
  C:1A63H         LINE#         1126
  C:1A64H         LINE#         1129
  C:1A67H         LINE#         1130
  C:1A68H         LINE#         1131
  C:1A6AH         LINE#         1132
  C:1A6BH         LINE#         1133
  C:1A6CH         LINE#         1134
  C:1A6DH         LINE#         1135
  C:1A6EH         LINE#         1136
  C:1A6FH         LINE#         1137
  C:1A72H         LINE#         1138
  C:1A73H         LINE#         1139
  C:1A76H         LINE#         1140
  C:1A77H         LINE#         1141
  C:1A7AH         LINE#         1142
  C:1A7BH         LINE#         1145
  C:1A7EH         LINE#         1146
  C:1A7FH         LINE#         1147
  C:1A80H         LINE#         1148
  C:1A83H         LINE#         1149
  C:1A84H         LINE#         1150
  C:1A87H         LINE#         1151
  C:1A88H         LINE#         1152
  C:1A89H         LINE#         1155
  C:1A8AH         LINE#         1156
  C:1A8BH         LINE#         1157
  C:1A8CH         LINE#         1158
  C:1A8DH         LINE#         1159
  C:1A8FH         LINE#         1160
  C:1A90H         LINE#         1161
  C:1A91H         LINE#         1162
  C:1A94H         LINE#         1163
  C:1A95H         LINE#         1164
  C:1A96H         LINE#         1167
BL51 BANKED LINKER/LOCATER V4.20                                                      07/03/2002  08:51:27  PAGE 20


  C:1A99H         LINE#         1168
  C:1A9AH         LINE#         1169
  C:1A9BH         LINE#         1170
  C:1A9CH         LINE#         1171
  C:1A9DH         LINE#         1172
  C:1AA0H         LINE#         1173
  C:1AA2H         LINE#         1176
  C:1AA5H         LINE#         1177
  C:1AA8H         LINE#         1178
  C:1AA9H         LINE#         1179
  C:1AABH         LINE#         1180
  C:1AAEH         LINE#         1181
  C:1AB1H         LINE#         1182
  C:1AB2H         LINE#         1183
  C:1AB3H         LINE#         1184
  C:1AB4H         LINE#         1185
  C:1AB7H         LINE#         1191
  C:1ABAH         LINE#         1192
  C:1ABBH         LINE#         1195
  C:1ABEH         LINE#         1196
  C:1AC1H         LINE#         1197
  C:1AC4H         LINE#         1200
  C:1AC7H         LINE#         1201
  C:1AC9H         LINE#         1202
  C:1ACBH         LINE#         1203
  C:1ACDH         LINE#         1204
  C:1AD0H         LINE#         1205
  C:1AD3H         LINE#         1206
  C:1AD6H         LINE#         1207
  C:1AD9H         LINE#         1211
  C:1ADCH         LINE#         1212
  C:1ADFH         LINE#         1213
  C:1AE1H         LINE#         1214
  C:1AE3H         LINE#         1215
  C:1AE5H         LINE#         1216
  C:1AE8H         LINE#         1217
  C:1AEBH         LINE#         1218
  C:1AEEH         LINE#         1219
  C:1AF1H         LINE#         1225
  C:1AF4H         LINE#         1226
  C:1AF7H         LINE#         1227
  C:1AFAH         LINE#         1228
  C:1AFBH         LINE#         1229
  C:1AFEH         LINE#         1230
  C:1B01H         LINE#         1231
  C:1B02H         LINE#         1232
  C:1B03H         LINE#         1233
  C:1B04H         LINE#         1234
  C:1B07H         LINE#         1237
  C:1B0AH         LINE#         1238
  C:1B0DH         LINE#         1239
  C:1B10H         LINE#         1240
  C:1B12H         LINE#         1243
  C:1B15H         LINE#         1244
  C:1B16H         LINE#         1245
  C:1B19H         LINE#         1246
  C:1B1AH         LINE#         1247
BL51 BANKED LINKER/LOCATER V4.20                                                      07/03/2002  08:51:27  PAGE 21


  C:1B1BH         LINE#         1248
  C:1B1EH         LINE#         1249
  C:1B1FH         LINE#         1252
  C:1B22H         LINE#         1253
  C:1B23H         LINE#         1254
  C:1B26H         LINE#         1255
  C:1B27H         LINE#         1256
  C:1B28H         LINE#         1257
  C:1B29H         LINE#         1263
  C:1B2CH         LINE#         1264
  C:248DH         LINE#         1290
  C:2490H         LINE#         1294
  C:2493H         LINE#         1295
  C:2496H         LINE#         1296
  C:2498H         LINE#         1297
  C:249AH         LINE#         1298
  C:249CH         LINE#         1299
  C:249FH         LINE#         1300
  C:24A2H         LINE#         1301
  C:24A5H         LINE#         1304
  C:24A8H         LINE#         1305
  C:24ABH         LINE#         1306
  C:24ADH         LINE#         1307
  C:24AFH         LINE#         1308
  C:24B0H         LINE#         1309
  C:24B3H         LINE#         1310
  C:24B6H         LINE#         1311
  C:24B7H         LINE#         1312
  C:24B8H         LINE#         1313
  C:24B9H         LINE#         1314
  C:24BAH         LINE#         1315
  C:24BCH         LINE#         1316
  C:24BEH         LINE#         1317
  C:24BFH         LINE#         1318
  C:24C1H         LINE#         1321
  C:24C4H         LINE#         1327
  C:24C7H         LINE#         1328
  C:24CAH         LINE#         1329
  C:24CDH         LINE#         1330
  C:24D0H         LINE#         1331
  C:24D3H         LINE#         1332
  C:24D5H         LINE#         1333
  C:24D7H         LINE#         1334
  C:24D9H         LINE#         1335
  C:24DCH         LINE#         1336
  C:24DFH         LINE#         1337
  C:24E0H         LINE#         1338
  C:24E2H         LINE#         1339
  C:24E4H         LINE#         1340
  C:24E6H         LINE#         1341
  C:24E9H         LINE#         1344
  C:24ECH         LINE#         1345
  C:24EFH         LINE#         1346
  C:24F1H         LINE#         1347
  C:24F3H         LINE#         1348
  C:24F5H         LINE#         1349
  C:24F8H         LINE#         1350
BL51 BANKED LINKER/LOCATER V4.20                                                      07/03/2002  08:51:27  PAGE 22


  C:24FBH         LINE#         1351
  C:24FEH         LINE#         1352
  C:24FFH         LINE#         1353
  C:2501H         LINE#         1354
  C:2503H         LINE#         1355
  C:2505H         LINE#         1356
  C:2508H         LINE#         1359
  C:250BH         LINE#         1360
  C:2766H         LINE#         1386
  C:2769H         LINE#         1390
  C:276CH         LINE#         1391
  C:276FH         LINE#         1392
  C:2772H         LINE#         1393
  C:2775H         LINE#         1394
  C:2778H         LINE#         1395
  C:277AH         LINE#         1396
  C:277CH         LINE#         1397
  C:277EH         LINE#         1398
  C:2781H         LINE#         1399
  C:2784H         LINE#         1400
  C:2785H         LINE#         1401
  C:2786H         LINE#         1402
  C:2788H         LINE#         1403
  C:278AH         LINE#         1404
  C:278CH         LINE#         1405
  C:278FH         LINE#         1406
  C:2791H         LINE#         1409
  C:2794H         LINE#         1410
  C:2797H         LINE#         1411
  C:2799H         LINE#         1412
  C:279BH         LINE#         1413
  C:279DH         LINE#         1414
  C:27A0H         LINE#         1415
  C:27A3H         LINE#         1416
  C:27A6H         LINE#         1417
  C:27A7H         LINE#         1418
  C:27A8H         LINE#         1419
  C:27AAH         LINE#         1420
  C:27ACH         LINE#         1421
  C:27AEH         LINE#         1422
  C:27B1H         LINE#         1428
  C:27B4H         LINE#         1431
  C:27B7H         LINE#         1432
  C:27B9H         LINE#         1433
  C:27BBH         LINE#         1434
  C:27BDH         LINE#         1435
  C:27C0H         LINE#         1436
  C:27C3H         LINE#         1437
  C:27C6H         LINE#         1440
  C:27C9H         LINE#         1441
  C:2B26H         LINE#         1466
  C:2B29H         LINE#         1467
  C:2B2CH         LINE#         1474
  C:2B2FH         LINE#         1475
  C:2B30H         LINE#         1476
  C:2B33H         LINE#         1477
  C:2B36H         LINE#         1478
BL51 BANKED LINKER/LOCATER V4.20                                                      07/03/2002  08:51:27  PAGE 23


  C:2B37H         LINE#         1479
  C:2B3AH         LINE#         1482
  C:2B3DH         LINE#         1483
  C:2B3EH         LINE#         1484
  C:2B3FH         LINE#         1486
  C:2B42H         LINE#         1487
  C:2B43H         LINE#         1488
  C:2B44H         LINE#         1489
  C:2B45H         LINE#         1490
  C:2B47H         LINE#         1491
  C:2B49H         LINE#         1494
  C:2B4AH         LINE#         1495
  C:2B4DH         LINE#         1496
  C:2B4FH         LINE#         1497
  C:2B52H         LINE#         1498
  C:2B53H         LINE#         1499
  C:2B56H         LINE#         1502
  C:2B59H         LINE#         1503
  C:2B5AH         LINE#         1504
  C:2B5BH         LINE#         1505
  C:2B5CH         LINE#         1506
  C:2B5EH         LINE#         1510
  C:2B61H         LINE#         1511
  C:13D2H         LINE#         1535
  C:13D5H         LINE#         1542
  C:13D8H         LINE#         1543
  C:13DFH         LINE#         1550
  C:13E0H         LINE#         1551
  C:13E3H         LINE#         1552
  C:13E4H         LINE#         1555
  C:13E7H         LINE#         1556
  C:13E8H         LINE#         1560
  C:13EBH         LINE#         1561
  C:13ECH         LINE#         1565
  C:13EFH         LINE#         1566
  C:13F0H         LINE#         1569
  C:13F3H         LINE#         1570
  C:13FAH         LINE#         1582
  C:13FDH         LINE#         1583
  C:1404H         LINE#         1590
  C:1405H         LINE#         1591
  C:1408H         LINE#         1592
  C:1409H         LINE#         1595
  C:140CH         LINE#         1596
  C:140DH         LINE#         1597
  C:140EH         LINE#         1598
  C:140FH         LINE#         1600
  C:1412H         LINE#         1601
  C:1413H         LINE#         1602
  C:1414H         LINE#         1603
  C:1415H         LINE#         1604
  C:1416H         LINE#         1605
  C:1417H         LINE#         1606
  C:1419H         LINE#         1607
  C:141AH         LINE#         1608
  C:141CH         LINE#         1609
  C:141EH         LINE#         1612
BL51 BANKED LINKER/LOCATER V4.20                                                      07/03/2002  08:51:27  PAGE 24


  C:1421H         LINE#         1613
  C:1422H         LINE#         1614
  C:1423H         LINE#         1615
  C:1426H         LINE#         1616
  C:1427H         LINE#         1617
  C:1428H         LINE#         1620
  C:142BH         LINE#         1621
  C:142EH         LINE#         1622
  C:1430H         LINE#         1627
  C:1431H         LINE#         1628
  C:1434H         LINE#         1629
  C:1435H         LINE#         1632
  C:1438H         LINE#         1633
  C:1439H         LINE#         1636
  C:143AH         LINE#         1637
  C:143BH         LINE#         1638
  C:143CH         LINE#         1641
  C:143FH         LINE#         1644
  C:1442H         LINE#         1647
  C:1445H         LINE#         1648
  C:1446H         LINE#         1649
  C:1447H         LINE#         1650
  C:1448H         LINE#         1651
  C:1449H         LINE#         1653
  C:144CH         LINE#         1654
  C:144FH         LINE#         1655
  C:1451H         LINE#         1656
  C:1452H         LINE#         1657
  C:1454H         LINE#         1658
  C:1456H         LINE#         1661
  C:1459H         LINE#         1662
  C:145CH         LINE#         1663
  C:145FH         LINE#         1664
  C:1460H         LINE#         1665
  C:1463H         LINE#         1666
  C:1464H         LINE#         1667
  C:1467H         LINE#         1668
  C:1468H         LINE#         1669
  C:146AH         LINE#         1670
  C:146CH         LINE#         1673
  C:146FH         LINE#         1674
  C:1472H         LINE#         1675
  C:1474H         LINE#         1679
  C:1477H         LINE#         1680
  C:1478H         LINE#         1681
  C:1479H         LINE#         1682
  C:147AH         LINE#         1683
  C:147BH         LINE#         1685
  C:147EH         LINE#         1686
  C:1481H         LINE#         1687
  C:1483H         LINE#         1688
  C:1484H         LINE#         1689
  C:1486H         LINE#         1690
  C:1488H         LINE#         1693
  C:148AH         LINE#         1694
  C:148CH         LINE#         1695
  C:148FH         LINE#         1696
BL51 BANKED LINKER/LOCATER V4.20                                                      07/03/2002  08:51:27  PAGE 25


  C:1491H         LINE#         1697
  C:1492H         LINE#         1698
  C:1493H         LINE#         1699
  C:1495H         LINE#         1700
  C:1496H         LINE#         1701
  C:1497H         LINE#         1702
  C:1499H         LINE#         1703
  C:149CH         LINE#         1704
  C:149DH         LINE#         1705
  C:149EH         LINE#         1706
  C:149FH         LINE#         1707
  C:14A0H         LINE#         1708
  C:14A3H         LINE#         1709
  C:14A6H         LINE#         1710
  C:14A9H         LINE#         1711
  C:14AAH         LINE#         1712
  C:14ADH         LINE#         1713
  C:14AEH         LINE#         1714
  C:14B0H         LINE#         1715
  C:14B2H         LINE#         1718
  C:14B5H         LINE#         1719
  C:14B8H         LINE#         1720
  C:14BAH         LINE#         1724
  C:14BDH         LINE#         1725
  C:14C0H         LINE#         1726
  C:14C3H         LINE#         1729
  C:14C4H         LINE#         1730
  C:14C6H         LINE#         1731
  C:14C8H         LINE#         1732
  C:14CBH         LINE#         1737
  C:14CEH         LINE#         1738
  C:14CFH         LINE#         1739
  C:14D0H         LINE#         1740
  C:14D1H         LINE#         1741
  C:14D2H         LINE#         1743
  C:14D5H         LINE#         1744
  C:14D8H         LINE#         1745
  C:14DAH         LINE#         1746
  C:14DBH         LINE#         1747
  C:14DDH         LINE#         1748
  C:14DFH         LINE#         1751
  C:14E0H         LINE#         1752
  C:14E2H         LINE#         1754
  C:14E3H         LINE#         1755
  C:14E4H         LINE#         1756
  C:14E5H         LINE#         1757
  C:14E6H         LINE#         1758
  C:14E7H         LINE#         1759
  C:14E9H         LINE#         1760
  C:14EAH         LINE#         1761
  C:14ECH         LINE#         1762
  C:14EDH         LINE#         1763
  C:14EFH         LINE#         1764
  C:14F0H         LINE#         1765
  C:14F1H         LINE#         1766
  C:14F3H         LINE#         1767
  C:14F5H         LINE#         1768
BL51 BANKED LINKER/LOCATER V4.20                                                      07/03/2002  08:51:27  PAGE 26


  C:14F6H         LINE#         1769
  C:14F8H         LINE#         1770
  C:14FAH         LINE#         1771
  C:14FBH         LINE#         1772
  C:14FDH         LINE#         1775
  C:1500H         LINE#         1776
  C:1503H         LINE#         1777
  C:1505H         LINE#         1781
  C:1508H         LINE#         1782
  C:150BH         LINE#         1783
  C:150EH         LINE#         1786
  C:150FH         LINE#         1787
  C:1511H         LINE#         1788
  C:1513H         LINE#         1789
  C:1516H         LINE#         1814
  C:1519H         LINE#         1815
  C:151BH         LINE#         1816
  C:151DH         LINE#         1817
  C:151FH         LINE#         1818
  C:1522H         LINE#         1819
  C:1524H         LINE#         1820
  C:1526H         LINE#         1821
  C:1528H         LINE#         1822
  C:152BH         LINE#         1868
  C:152EH         LINE#         1869
  C:1530H         LINE#         1870
  C:1532H         LINE#         1871
  C:1534H         LINE#         1872
  C:1537H         LINE#         1873
  C:1539H         LINE#         1874
  C:153BH         LINE#         1875
  C:153DH         LINE#         1876
  C:1540H         LINE#         1889
  C:1543H         LINE#         1890
  C:2CF1H         LINE#         1927
  C:2CF4H         LINE#         1928
  C:2CF5H         LINE#         1929
  C:2CF6H         LINE#         1930
  C:2CFBH         LINE#         1935
  C:2B6AH         LINE#         1969
  C:2B6DH         LINE#         1970
  C:2B6EH         LINE#         1971
  C:2B6FH         LINE#         1972
  C:2B72H         LINE#         1973
  C:2B73H         LINE#         1974
  C:2B74H         LINE#         1975
  C:2B75H         LINE#         1976
  C:2B76H         LINE#         1977
  C:2B77H         LINE#         1978
  C:2B78H         LINE#         1979
  C:2B7AH         LINE#         1982
  C:2B7DH         LINE#         1983
  C:2B80H         LINE#         1984
  C:2B81H         LINE#         1987
  C:2B82H         LINE#         1988
  C:2B83H         LINE#         1989
  C:2B86H         LINE#         1990
BL51 BANKED LINKER/LOCATER V4.20                                                      07/03/2002  08:51:27  PAGE 27


  C:2B89H         LINE#         1993
  C:2B8CH         LINE#         1994
  C:2B8DH         LINE#         1995
  C:2B8EH         LINE#         1996
  C:2B90H         LINE#         1999
  C:2B93H         LINE#         2000
  C:2B96H         LINE#         2003
  C:2B99H         LINE#         2006
  C:2BA0H         LINE#         2016
  C:2BDDH         LINE#         2043
  C:2BE6H         LINE#         2052
  C:2BE9H         LINE#         2053
  C:2BEBH         LINE#         2056
  C:2BEEH         LINE#         2057
  C:2BF1H         LINE#         2058
  C:2BF2H         LINE#         2061
  C:2BF3H         LINE#         2062
  C:2BF4H         LINE#         2063
  C:2BF7H         LINE#         2064
  C:2BFAH         LINE#         2067
  C:2BFDH         LINE#         2068
  C:2BFEH         LINE#         2069
  C:2BFFH         LINE#         2070
  C:2C01H         LINE#         2073
  C:2C04H         LINE#         2074
  C:2C07H         LINE#         2077
  C:2C0AH         LINE#         2080
  C:2C11H         LINE#         2090
  C:2C14H         LINE#         2091
  C:2CA9H         LINE#         2119
  C:2CACH         LINE#         2120
  C:2CADH         LINE#         2121
  C:2CB6H         LINE#         2126
  C:2CB9H         LINE#         2127
  C:2CBAH         LINE#         2128
  C:2CBBH         LINE#         2129
  C:2CC0H         LINE#         2137
  C:27CCH         LINE#         2165
  C:27CFH         LINE#         2166
  C:27D0H         LINE#         2167
  C:27D2H         LINE#         2168
  C:27DAH         LINE#         2173
  C:27DDH         LINE#         2174
  C:27DEH         LINE#         2175
  C:27DFH         LINE#         2176
  C:27E1H         LINE#         2177
  C:27E3H         LINE#         2180
  C:27E4H         LINE#         2181
  C:27E5H         LINE#         2182
  C:27E6H         LINE#         2185
  C:27E9H         LINE#         2186
  C:27EFH         LINE#         2191
  C:27F6H         LINE#         2201
  C:27FBH         LINE#         2212
  C:2AE6H         LINE#         2240
  C:2AE9H         LINE#         2248
  C:2AECH         LINE#         2249
BL51 BANKED LINKER/LOCATER V4.20                                                      07/03/2002  08:51:27  PAGE 28


  C:2AEDH         LINE#         2250
  C:2AEFH         LINE#         2253
  C:2AF2H         LINE#         2254
  C:2AF5H         LINE#         2255
  C:2AF6H         LINE#         2258
  C:2AF7H         LINE#         2259
  C:2AF8H         LINE#         2260
  C:2AFBH         LINE#         2261
  C:2AFEH         LINE#         2262
  C:2B01H         LINE#         2263
  C:2B02H         LINE#         2264
  C:2B03H         LINE#         2267
  C:2B04H         LINE#         2268
  C:2B05H         LINE#         2269
  C:2B06H         LINE#         2270
  C:2B07H         LINE#         2271
  C:2B09H         LINE#         2272
  C:2B0AH         LINE#         2273
  C:2B0DH         LINE#         2274
  C:2B0EH         LINE#         2275
  C:2B0FH         LINE#         2276
  C:2B10H         LINE#         2279
  C:2B13H         LINE#         2280
  C:2B14H         LINE#         2283
  C:2B17H         LINE#         2284
  C:2B1AH         LINE#         2287
  C:2B1DH         LINE#         2290
  C:2B20H         LINE#         2296
  C:2B23H         LINE#         2297
  C:2BA1H         LINE#         2331
  C:2BA3H         LINE#         2332
  C:2BA5H         LINE#         2333
  C:2BAEH         LINE#         2338
  C:2BB1H         LINE#         2339
  C:2BBCH         LINE#         2348
  C:2BBEH         LINE#         2349
  C:2BC0H         LINE#         2350
  C:2BC9H         LINE#         2355
  C:2BCCH         LINE#         2356
  C:2BCFH         LINE#         2357
  C:2BD2H         LINE#         2360
  C:2BD5H         LINE#         2361
  C:2BD7H         LINE#         2362
  C:2BDCH         LINE#         2367
  C:2C63H         LINE#         2391
  C:2C66H         LINE#         2395
  C:2C69H         LINE#         2396
  C:2C6CH         LINE#         2397
  C:2C6FH         LINE#         2398
  C:2C78H         LINE#         2406
  C:2C7BH         LINE#         2407
  C:2C7EH         LINE#         2408
  C:2C85H         LINE#         2413
  C:1F08H         LINE#         2451
  C:1F0BH         LINE#         2452
  C:1F0EH         LINE#         2453
  C:1F11H         LINE#         2461
BL51 BANKED LINKER/LOCATER V4.20                                                      07/03/2002  08:51:27  PAGE 29


  C:1F14H         LINE#         2462
  C:1F17H         LINE#         2463
  C:1F1AH         LINE#         2464
  C:1F1DH         LINE#         2468
  C:1F20H         LINE#         2469
  C:1F21H         LINE#         2470
  C:1F23H         LINE#         2473
  C:1F24H         LINE#         2474
  C:1F26H         LINE#         2475
  C:1F29H         LINE#         2478
  C:1F31H         LINE#         2486
  C:1F34H         LINE#         2487
  C:1F37H         LINE#         2488
  C:1F3AH         LINE#         2491
  C:1F3DH         LINE#         2492
  C:1F40H         LINE#         2493
  C:1F43H         LINE#         2496
  C:1F46H         LINE#         2497
  C:1F51H         LINE#         2506
  C:1F52H         LINE#         2507
  C:1F53H         LINE#         2508
  C:1F54H         LINE#         2509
  C:1F55H         LINE#         2510
  C:1F56H         LINE#         2511
  C:1F59H         LINE#         2512
  C:1F5CH         LINE#         2513
  C:1F5DH         LINE#         2514
  C:1F60H         LINE#         2515
  C:1F62H         LINE#         2518
  C:1F63H         LINE#         2519
  C:1F65H         LINE#         2520
  C:1F66H         LINE#         2521
  C:1F67H         LINE#         2522
  C:1F68H         LINE#         2523
  C:1F6BH         LINE#         2524
  C:1F6EH         LINE#         2525
  C:1F71H         LINE#         2526
  C:1F74H         LINE#         2527
  C:1F77H         LINE#         2528
  C:1F7AH         LINE#         2529
  C:1F7BH         LINE#         2530
  C:1F7DH         LINE#         2531
  C:1F7EH         LINE#         2532
  C:1F81H         LINE#         2533
  C:1F82H         LINE#         2534
  C:1F83H         LINE#         2537
  C:1F86H         LINE#         2538
  C:1F87H         LINE#         2539
  C:1F88H         LINE#         2540
  C:1F89H         LINE#         2541
  C:1F8BH         LINE#         2542
  C:1F8DH         LINE#         2543
  C:1F8FH         LINE#         2546
  C:1F92H         LINE#         2547
  C:1F94H         LINE#         2548
  C:1F95H         LINE#         2551
  C:1F97H         LINE#         2553
BL51 BANKED LINKER/LOCATER V4.20                                                      07/03/2002  08:51:27  PAGE 30


  C:1F98H         LINE#         2554
  C:1F99H         LINE#         2555
  C:1F9BH         LINE#         2556
  C:1F9DH         LINE#         2557
  C:1F9FH         LINE#         2562
  C:1FA1H         LINE#         2566
  C:1FA4H         LINE#         2567
  C:1FA5H         LINE#         2568
  C:1FA6H         LINE#         2573
  C:1FA8H         LINE#         2578
  C:1FA9H         LINE#         2579
  C:1FACH         LINE#         2580
  C:1FADH         LINE#         2586
  C:1FB0H         LINE#         2589
  C:1FB2H         LINE#         2590
  C:1FB4H         LINE#         2591
  C:1FB7H         LINE#         2594
  C:1244H         LINE#         2649
  C:1247H         LINE#         2650
  C:1250H         LINE#         2659
  C:1253H         LINE#         2662
  C:1256H         LINE#         2663
  C:1259H         LINE#         2664
  C:125BH         LINE#         2665
  C:125DH         LINE#         2668
  C:1260H         LINE#         2669
  C:1263H         LINE#         2670
  C:1266H         LINE#         2671
  C:1269H         LINE#         2672
  C:1270H         LINE#         2677
  C:1273H         LINE#         2678
  C:1276H         LINE#         2679
  C:1278H         LINE#         2680
  C:127AH         LINE#         2681
  C:127CH         LINE#         2682
  C:127FH         LINE#         2683
  C:1282H         LINE#         2684
  C:1285H         LINE#         2687
  C:1288H         LINE#         2688
  C:1289H         LINE#         2689
  C:128AH         LINE#         2690
  C:128DH         LINE#         2691
  C:1290H         LINE#         2692
  C:1293H         LINE#         2693
  C:1294H         LINE#         2694
  C:1297H         LINE#         2697
  C:129AH         LINE#         2698
  C:129BH         LINE#         2699
  C:129EH         LINE#         2702
  C:12A1H         LINE#         2713
  C:12A4H         LINE#         2714
  C:12A7H         LINE#         2715
  C:12AAH         LINE#         2716
  C:12ADH         LINE#         2717
  C:12B0H         LINE#         2720
  C:12B3H         LINE#         2721
  C:12B6H         LINE#         2722
BL51 BANKED LINKER/LOCATER V4.20                                                      07/03/2002  08:51:27  PAGE 31


  C:12B9H         LINE#         2723
  C:12BCH         LINE#         2726
  C:12BFH         LINE#         2727
  C:12C2H         LINE#         2728
  C:12C5H         LINE#         2729
  C:12C8H         LINE#         2732
  C:12CBH         LINE#         2733
  C:12CEH         LINE#         2734
  C:12D1H         LINE#         2735
  C:12D4H         LINE#         2738
  C:12D7H         LINE#         2739
  C:12DAH         LINE#         2740
  C:12DBH         LINE#         2741
  C:12DEH         LINE#         2742
  C:12E1H         LINE#         2751
  C:12E2H         LINE#         2752
  C:12E3H         LINE#         2753
  C:12E4H         LINE#         2754
  C:12E5H         LINE#         2755
  C:12E7H         LINE#         2756
  C:12E8H         LINE#         2757
  C:12EBH         LINE#         2758
  C:12EEH         LINE#         2759
  C:12F1H         LINE#         2760
  C:12F2H         LINE#         2761
  C:12F5H         LINE#         2764
  C:12F8H         LINE#         2765
  C:12FBH         LINE#         2766
  C:12FEH         LINE#         2767
  C:1301H         LINE#         2770
  C:1302H         LINE#         2771
  C:1304H         LINE#         2772
  C:1307H         LINE#         2773
  C:130AH         LINE#         2776
  C:130DH         LINE#         2777
  C:1310H         LINE#         2778
  C:1313H         LINE#         2783
  C:1316H         LINE#         2784
  C:1318H         LINE#         2785
  C:131AH         LINE#         2786
  C:131CH         LINE#         2787
  C:131FH         LINE#         2788
  C:1322H         LINE#         2789
  C:1325H         LINE#         2790
  C:1328H         LINE#         2796
  C:132BH         LINE#         2797
  C:132DH         LINE#         2798
  C:132FH         LINE#         2799
  C:1331H         LINE#         2800
  C:1334H         LINE#         2801
  C:1337H         LINE#         2802
  C:133AH         LINE#         2803
  C:1343H         LINE#         2810
  C:1346H         LINE#         2811
  C:1349H         LINE#         2812
  C:134CH         LINE#         2813
  C:134FH         LINE#         2816
BL51 BANKED LINKER/LOCATER V4.20                                                      07/03/2002  08:51:27  PAGE 32


  C:1352H         LINE#         2817
  C:1355H         LINE#         2818
  C:1357H         LINE#         2819
  C:1359H         LINE#         2820
  C:135BH         LINE#         2821
  C:135EH         LINE#         2822
  C:1361H         LINE#         2823
  C:1364H         LINE#         2826
  C:1367H         LINE#         2827
  C:1369H         LINE#         2828
  C:136BH         LINE#         2829
  C:136DH         LINE#         2830
  C:1370H         LINE#         2831
  C:1373H         LINE#         2832
  C:1376H         LINE#         2835
  C:1379H         LINE#         2836
  C:137CH         LINE#         2837
  C:137EH         LINE#         2840
  C:1381H         LINE#         2841
  C:1384H         LINE#         2842
  C:1386H         LINE#         2843
  C:1388H         LINE#         2844
  C:138AH         LINE#         2845
  C:138DH         LINE#         2846
  C:1390H         LINE#         2847
  C:1393H         LINE#         2853
  C:1396H         LINE#         2854
  C:1399H         LINE#         2855
  C:139CH         LINE#         2856
  C:139FH         LINE#         2859
  C:13A2H         LINE#         2860
  C:13A3H         LINE#         2861
  C:13A4H         LINE#         2862
  C:13A7H         LINE#         2865
  C:13AAH         LINE#         2866
  C:13ACH         LINE#         2867
  C:13AEH         LINE#         2868
  C:13AFH         LINE#         2869
  C:13B0H         LINE#         2870
  C:13B3H         LINE#         2871
  C:13B6H         LINE#         2872
  C:13B7H         LINE#         2873
  C:13B8H         LINE#         2874
  C:13B9H         LINE#         2875
  C:13BBH         LINE#         2876
  C:13BDH         LINE#         2877
  C:13C2H         LINE#         2882
  C:13C4H         LINE#         2883
  C:13CAH         LINE#         2891
  C:13CCH         LINE#         2897
  C:13CFH         LINE#         2898
  C:2000H         LINE#         2922
  C:2003H         LINE#         2929
  C:2006H         LINE#         2932
  C:2009H         LINE#         2933
  C:200CH         LINE#         2934
  C:200FH         LINE#         2935
BL51 BANKED LINKER/LOCATER V4.20                                                      07/03/2002  08:51:27  PAGE 33


  C:2012H         LINE#         2939
  C:2015H         LINE#         2940
  C:2018H         LINE#         2941
  C:201BH         LINE#         2942
  C:201EH         LINE#         2943
  C:2020H         LINE#         2944
  C:2028H         LINE#         2949
  C:202BH         LINE#         2950
  C:202EH         LINE#         2951
  C:2030H         LINE#         2952
  C:2032H         LINE#         2955
  C:2035H         LINE#         2956
  C:2038H         LINE#         2957
  C:203BH         LINE#         2958
  C:203DH         LINE#         2959
  C:203FH         LINE#         2962
  C:2042H         LINE#         2963
  C:2045H         LINE#         2966
  C:2048H         LINE#         2967
  C:2049H         LINE#         2968
  C:204AH         LINE#         2971
  C:204DH         LINE#         2972
  C:204FH         LINE#         2973
  C:2051H         LINE#         2974
  C:2052H         LINE#         2975
  C:2053H         LINE#         2976
  C:2056H         LINE#         2977
  C:2059H         LINE#         2978
  C:205AH         LINE#         2979
  C:205BH         LINE#         2980
  C:205CH         LINE#         2981
  C:205EH         LINE#         2982
  C:2060H         LINE#         2983
  C:2061H         LINE#         2986
  C:2063H         LINE#         2990
  C:2066H         LINE#         2991
  C:2069H         LINE#         2992
  C:206AH         LINE#         2993
  C:206DH         LINE#         2994
  C:2070H         LINE#         3004
  C:2073H         LINE#         3005
  C:2076H         LINE#         3006
  C:2079H         LINE#         3007
  C:207CH         LINE#         3008
  C:2083H         LINE#         3013
  C:208BH         LINE#         3019
  C:208EH         LINE#         3020
  C:2091H         LINE#         3021
  C:2092H         LINE#         3022
  C:2094H         LINE#         3023
  C:2095H         LINE#         3024
  C:2096H         LINE#         3025
  C:2097H         LINE#         3026
  C:2098H         LINE#         3027
  C:2099H         LINE#         3028
  C:209AH         LINE#         3029
  C:209BH         LINE#         3030
BL51 BANKED LINKER/LOCATER V4.20                                                      07/03/2002  08:51:27  PAGE 34


  C:209CH         LINE#         3031
  C:209DH         LINE#         3032
  C:209EH         LINE#         3033
  C:20A1H         LINE#         3034
  C:20A8H         LINE#         3039
  C:20ABH         LINE#         3040
  C:0FF9H         LINE#         3067
  C:0FFBH         LINE#         3068
  C:0FFDH         LINE#         3072
  C:29C5H         LINE#         3080
  C:29C8H         LINE#         3081
  C:29D1H         LINE#         3084
  C:29D4H         LINE#         3085
  C:29D7H         LINE#         3086
  C:29D9H         LINE#         3087
  C:29DFH         LINE#         3090
  C:29E2H         LINE#         3091
  C:29E4H         LINE#         3095
  C:29E7H         LINE#         3096
  C:29EAH         LINE#         3098
  C:29EDH         LINE#         3099
  C:29F0H         LINE#         3100
  C:29F2H         LINE#         3102
  C:29F5H         LINE#         3103
  C:29F7H         LINE#         3104
  C:29F9H         LINE#         3105
  C:29FBH         LINE#         3106
  C:29FEH         LINE#         3107
  C:2A05H         LINE#         3112
  C:2A08H         LINE#         3113
  C:2A0BH         LINE#         3116
  C:2A0EH         LINE#         3117
  C:2863H         LINE#         3125
  C:2866H         LINE#         3126
  C:286FH         LINE#         3129
  C:2872H         LINE#         3130
  C:2875H         LINE#         3131
  C:2878H         LINE#         3133
  C:287BH         LINE#         3134
  C:287DH         LINE#         3136
  C:2884H         LINE#         3141
  C:2887H         LINE#         3142
  C:288AH         LINE#         3143
  C:288CH         LINE#         3145
  C:288FH         LINE#         3146
  C:2892H         LINE#         3147
  C:2894H         LINE#         3148
  C:2897H         LINE#         3150
  C:289AH         LINE#         3151
  C:289CH         LINE#         3152
  C:289EH         LINE#         3153
  C:28A0H         LINE#         3154
  C:28A3H         LINE#         3155
  C:28A6H         LINE#         3156
  C:28A9H         LINE#         3158
  C:28ACH         LINE#         3159
  C:28AFH         LINE#         3160
BL51 BANKED LINKER/LOCATER V4.20                                                      07/03/2002  08:51:27  PAGE 35


  C:28B2H         LINE#         3164
[...]
  B:00B8H.4       PUBLIC        PS
  B:0090H.1       PUBLIC        T2EX
  B:00D0H.2       PUBLIC        OV
  C:1DA2H         PUBLIC        main
  X:3258H         PUBLIC        AckMbox
  B:00C8H.1       PUBLIC        C_T2
  B:00B0H.6       PUBLIC        WR
  X:325BH         PUBLIC        first
  B:00C8H.5       PUBLIC        RCLK
  B:00C8H.4       PUBLIC        TCLK
  D:0098H         PUBLIC        SCON
  C:2381H         PUBLIC        _?Tasksecond
BL51 BANKED LINKER/LOCATER V4.20                                                      07/03/2002  08:51:27  PAGE 57


  D:0088H         PUBLIC        TCON
  B:0088H.1       PUBLIC        IE0
  B:0088H.3       PUBLIC        IE1
  B:00C8H.0       PUBLIC        CP_RL2
  C:22FAH         PUBLIC        _?TaskStart
  X:325EH         PUBLIC        TaskStk
  B:00A8H.1       PUBLIC        ET0
  X:32DEH         PUBLIC        err
  B:00A8H.3       PUBLIC        ET1
  B:0088H.5       PUBLIC        TF0
  B:00A8H.5       PUBLIC        ET2
  B:0088H.7       PUBLIC        TF1
  B:00C8H.7       PUBLIC        TF2
  B:0098H.2       PUBLIC        RB8
  B:00A8H.0       PUBLIC        EX0
  B:0088H.0       PUBLIC        IT0
  B:0098H.3       PUBLIC        TB8
  B:00A8H.2       PUBLIC        EX1
  B:0088H.2       PUBLIC        IT1
  B:00D0H.0       PUBLIC        P
  B:0098H.7       PUBLIC        SM0
  B:0098H.6       PUBLIC        SM1
  B:0098H.5       PUBLIC        SM2
  C:20AEH         PUBLIC        _?Taskthird
  B:00B8H.1       PUBLIC        PT0
  B:00B8H.3       PUBLIC        PT1
  B:00D0H.3       PUBLIC        RS0
  B:00B8H.5       PUBLIC        PT2
  B:0088H.4       PUBLIC        TR0
  B:00D0H.4       PUBLIC        RS1
  B:0088H.6       PUBLIC        TR1
  B:00C8H.2       PUBLIC        TR2
  B:00B8H.0       PUBLIC        PX0
  B:00B8H.2       PUBLIC        PX1
  X:32DFH         PUBLIC        TaskStartStk
  X:335FH         PUBLIC        a
  B:00C8H.3       PUBLIC        EXEN2
  X:3363H         PUBLIC        TxMbox
  B:0098H.4       PUBLIC        REN
  D:00C8H         PUBLIC        T2CON
  X:3366H         PUBLIC        MySem
  B:00B0H.0       PUBLIC        RXD
  B:00B0H.1       PUBLIC        TXD
  B:00D0H.5       PUBLIC        F0
  D:00D0H         PUBLIC        PSW
  C:2800H         SYMBOL        Com000D
  C:2800H         SYMBOL        L?0014
  C:2800H         SYMBOL        L?0015
  C:2804H         SYMBOL        L?0016
  C:2806H         SYMBOL        L?0017
  C:280FH         SYMBOL        L?0018
  C:281BH         SYMBOL        L?0019
  C:2822H         SYMBOL        L?0020
  C:2822H         SYMBOL        L?0021
  C:2825H         SYMBOL        L?0022
  C:282CH         SYMBOL        L?0023
  C:282FH         SYMBOL        L?0024
BL51 BANKED LINKER/LOCATER V4.20                                                      07/03/2002  08:51:27  PAGE 58


  C:2835H         SYMBOL        L?0025
  C:2843H         SYMBOL        L?0027
  C:2843H         SYMBOL        L?0028
  C:284AH         SYMBOL        L?0029
  C:2857H         SYMBOL        L?0031
  C:2857H         SYMBOL        L?0032
  C:285DH         SYMBOL        L?0033
  C:285DH         SYMBOL        L?0034
  -------         PROC          COM000D
  -------         ENDPROC       COM000D
  C:1E3DH         SYMBOL        L?0026
  C:1E49H         SYMBOL        L?0030
  -------         PROC          MAIN
  C:1DA2H         LINE#         73
  C:1DA2H         LINE#         74
  C:1DA2H         LINE#         75
  C:1DA5H         LINE#         76
  C:1DA8H         LINE#         77
  C:1DB1H         LINE#         79
  C:1DBAH         LINE#         80
  C:1DC3H         LINE#         81
  C:1DC9H         LINE#         82
  C:1DD3H         LINE#         83
  C:1DD9H         LINE#         84
  C:1DE2H         LINE#         85
  C:1DFEH         LINE#         86
  C:1E19H         LINE#         87
  C:1E3AH         LINE#         88
  C:1E3DH         LINE#         89
  -------         ENDPROC       MAIN
  -------         PROC          _?TASKSTART
  x:0005H         SYMBOL        dataa
  -------         DO            dataa
  x:0000H         SYMBOL        t
  x:0003H         SYMBOL        f
  -------         ENDDO         f
  C:22FAH         LINE#         98
  C:22FDH         LINE#         100
  C:2307H         LINE#         101
  C:230EH         LINE#         102
  C:231AH         LINE#         103
  C:232CH         LINE#         106
  C:232CH         LINE#         107
  C:2341H         LINE#         108
  C:234AH         LINE#         109
  C:2353H         LINE#         110
  C:2362H         LINE#         111
  C:236CH         LINE#         112
  C:2372H         LINE#         113
  C:2378H         LINE#         115
  C:237FH         LINE#         116
  -------         ENDPROC       _?TASKSTART
  -------         PROC          _?TASKSECOND
  x:0001H         SYMBOL        pvdata
  -------         DO            pvdata
  x:0000H         SYMBOL        txmsg
  -------         ENDDO         txmsg
BL51 BANKED LINKER/LOCATER V4.20                                                      07/03/2002  08:51:27  PAGE 59


  C:2381H         LINE#         125
  C:238AH         LINE#         127
  C:238FH         LINE#         128
  C:239AH         LINE#         129
  C:23A0H         LINE#         130
  C:23A0H         LINE#         132
  C:23ABH         LINE#         133
  C:23BDH         LINE#         135
  C:23C6H         LINE#         136
  C:23CFH         LINE#         137
  C:23E0H         LINE#         138
  C:23E6H         LINE#         139
  C:23ECH         LINE#         141
  C:23F8H         LINE#         142
  C:23FEH         LINE#         143
  C:2400H         LINE#         144
  C:2406H         LINE#         147
  -------         ENDPROC       _?TASKSECOND
  -------         PROC          _?TASKTHIRD
  x:0005H         SYMBOL        pvdata
  -------         DO            pvdata
  x:0000H         SYMBOL        rxmsg
  x:0003H         SYMBOL        b
  -------         ENDDO         b
  C:20AEH         LINE#         152
  C:20B1H         LINE#         154
  C:20B4H         LINE#         155
  C:20BBH         LINE#         156
  C:20C7H         LINE#         157
  C:20C7H         LINE#         158
  C:20D1H         LINE#         159
  C:20E7H         LINE#         161
  C:20F0H         LINE#         162
  C:20F9H         LINE#         163
  C:2103H         LINE#         164
  C:2112H         LINE#         165
  C:2128H         LINE#         166
  C:212EH         LINE#         167
  C:2134H         LINE#         170
  C:2146H         LINE#         175
  -------         ENDPROC       _?TASKTHIRD
  -------         ENDMOD        MAINFILE

  -------         MODULE        FUNCTION
  C:0000H         SYMBOL        _ICE_DUMMY_
  D:0090H         PUBLIC        P1
  D:00B0H         PUBLIC        P3
  B:00B0H.4       PUBLIC        T0
  B:00D0H.6       PUBLIC        AC
  B:00B0H.5       PUBLIC        T1
  B:0090H.0       PUBLIC        T2
  B:00A8H.7       PUBLIC        EA
  D:00A8H         PUBLIC        IE
  B:00C8H.6       PUBLIC        EXF2
  B:00B0H.7       PUBLIC        RD
  B:00A8H.4       PUBLIC        ES
  D:00B8H         PUBLIC        IP
BL51 BANKED LINKER/LOCATER V4.20                                                      07/03/2002  08:51:27  PAGE 60


  D:0011H         PUBLIC        TickCount
  B:0098H.0       PUBLIC        RI
  B:00B0H.2       PUBLIC        INT0
  B:00D0H.7       PUBLIC        CY
  B:0098H.1       PUBLIC        TI
  B:00B0H.3       PUBLIC        INT1
  C:26F3H         PUBLIC        _TimerInitiate
  C:2408H         PUBLIC        _EnablePrintf
  B:00B8H.4       PUBLIC        PS
  B:0090H.1       PUBLIC        T2EX
  B:00D0H.2       PUBLIC        OV
  B:00C8H.1       PUBLIC        C_T2
  B:00B0H.6       PUBLIC        WR
  B:00C8H.5       PUBLIC        RCLK
  B:00C8H.4       PUBLIC        TCLK
  D:0098H         PUBLIC        SCON
  D:0089H         PUBLIC        TMOD
  D:0088H         PUBLIC        TCON
  B:0088H.1       PUBLIC        IE0
  B:0088H.3       PUBLIC        IE1
  B:00C8H.0       PUBLIC        CP_RL2
  B:00A8H.1       PUBLIC        ET0
  B:00A8H.3       PUBLIC        ET1
  B:0088H.5       PUBLIC        TF0
  B:00A8H.5       PUBLIC        ET2
  B:0088H.7       PUBLIC        TF1
  B:00C8H.7       PUBLIC        TF2
  B:0098H.2       PUBLIC        RB8
  D:008CH         PUBLIC        TH0
  B:00A8H.0       PUBLIC        EX0
  B:0088H.0       PUBLIC        IT0
  D:008DH         PUBLIC        TH1
  B:0098H.3       PUBLIC        TB8
  B:00A8H.2       PUBLIC        EX1
  B:0088H.2       PUBLIC        IT1
  B:00D0H.0       PUBLIC        P
  B:0098H.7       PUBLIC        SM0
  D:008AH         PUBLIC        TL0
  B:0098H.6       PUBLIC        SM1
  B:0098H.5       PUBLIC        SM2
  C:2CFCH         PUBLIC        _?UserTickTimer
  B:00B8H.1       PUBLIC        PT0
  B:00B8H.3       PUBLIC        PT1
  B:00D0H.3       PUBLIC        RS0
  B:00B8H.5       PUBLIC        PT2
  B:0088H.4       PUBLIC        TR0
  B:00D0H.4       PUBLIC        RS1
  B:0088H.6       PUBLIC        TR1
  B:00C8H.2       PUBLIC        TR2
  B:00B8H.0       PUBLIC        PX0
  B:00B8H.2       PUBLIC        PX1
  B:00C8H.3       PUBLIC        EXEN2
  B:0098H.4       PUBLIC        REN
  D:00C8H         PUBLIC        T2CON
  B:00B0H.0       PUBLIC        RXD
  B:00B0H.1       PUBLIC        TXD
  B:00D0H.5       PUBLIC        F0
BL51 BANKED LINKER/LOCATER V4.20                                                      07/03/2002  08:51:27  PAGE 61


  D:00D0H         PUBLIC        PSW
  C:0003H         SYMBOL        Com0005
  C:0003H         SYMBOL        L?0006
  C:0003H         SYMBOL        L?0007
  -------         PROC          COM0005
  -------         ENDPROC       COM0005
  -------         PROC          _?USERTICKTIMER
  C:2CFCH         LINE#         23
  C:2CFCH         LINE#         25
  C:2D04H         LINE#         26
  -------         ENDPROC       _?USERTICKTIMER
  -------         PROC          _ENABLEPRINTF
  D:0003H         SYMBOL        Crystal
  X:3369H         SYMBOL        BaudRate
  -------         DO            BaudRate
  X:336BH         SYMBOL        temparory
  -------         ENDDO         temparory
  C:2408H         LINE#         28
  C:2412H         LINE#         29
  C:2412H         LINE#         30
  C:241AH         LINE#         31
  C:244FH         LINE#         32
  C:2462H         LINE#         33
  C:2479H         LINE#         35
  C:247CH         LINE#         36
  C:247FH         LINE#         37
  C:2485H         LINE#         38
  C:2487H         LINE#         39
  C:2489H         LINE#         41
  C:248CH         LINE#         42
  -------         ENDPROC       _ENABLEPRINTF
  -------         PROC          _TIMERINITIATE
  X:3369H         SYMBOL        Crystal
  D:0003H         SYMBOL        Frequence
  -------         DO            Frequence
  X:336AH         SYMBOL        temporary
  -------         ENDDO         temporary
  C:26F3H         LINE#         45
  C:26FAH         LINE#         46
  C:26FAH         LINE#         47
  C:2702H         LINE#         48
  C:2721H         LINE#         49
  C:2746H         LINE#         50
  C:274EH         LINE#         51
  C:2754H         LINE#         52
  C:2761H         LINE#         53
  C:2763H         LINE#         54
  C:2765H         LINE#         55
  -------         ENDPROC       _TIMERINITIATE
  -------         ENDMOD        FUNCTION

  -------         MODULE        ?C?FPDIV
  C:0011H         PUBLIC        ?C?FPDIV
  -------         ENDMOD        ?C?FPDIV

  -------         MODULE        PRINTF
  X:3369H         PUBLIC        ?_PRINTF?BYTE
BL51 BANKED LINKER/LOCATER V4.20                                                      07/03/2002  08:51:27  PAGE 62


  X:3369H         PUBLIC        ?_SPRINTF?BYTE
  C:0B00H         PUBLIC        _PRINTF
  C:0AFAH         PUBLIC        _SPRINTF
  -------         ENDMOD        PRINTF

  -------         MODULE        ?C?FPROUND
  C:00F8H         PUBLIC        ?C?FPROUND
  -------         ENDMOD        ?C?FPROUND

  -------         MODULE        ?C?FPCONVERT
  C:0135H         PUBLIC        ?C?FPCONVERT
  -------         ENDMOD        ?C?FPCONVERT

  -------         MODULE        ?C?FPADD
  C:0241H         PUBLIC        ?C?FPADD
  C:023DH         PUBLIC        ?C?FPSUB
  -------         ENDMOD        ?C?FPADD

  -------         MODULE        ?C?FPMUL
  C:0332H         PUBLIC        ?C?FPMUL
  -------         ENDMOD        ?C?FPMUL

  -------         MODULE        ?C?FTNPWR
  C:0468H         PUBLIC        ?C?FTNPWR
  -------         ENDMOD        ?C?FTNPWR

  -------         MODULE        ?C?COPY
  C:0578H         PUBLIC        ?C?COPY
  -------         ENDMOD        ?C?COPY

  -------         MODULE        ?C?CLDPTR
  C:059EH         PUBLIC        ?C?CLDPTR
  -------         ENDMOD        ?C?CLDPTR

  -------         MODULE        ?C?CLDOPTR
  C:05B7H         PUBLIC        ?C?CLDOPTR
  -------         ENDMOD        ?C?CLDOPTR

  -------         MODULE        ?C?CSTPTR
  C:05E4H         PUBLIC        ?C?CSTPTR
  -------         ENDMOD        ?C?CSTPTR

  -------         MODULE        ?C?CSTOPTR
  C:05F6H         PUBLIC        ?C?CSTOPTR
  -------         ENDMOD        ?C?CSTOPTR

  -------         MODULE        ?C?IMUL
  C:0618H         PUBLIC        ?C?IMUL
  -------         ENDMOD        ?C?IMUL

  -------         MODULE        ?C?IILDX
  C:062AH         PUBLIC        ?C?IILDX
  -------         ENDMOD        ?C?IILDX

  -------         MODULE        ?C?ILDOPTR
  C:0640H         PUBLIC        ?C?ILDOPTR
  -------         ENDMOD        ?C?ILDOPTR
BL51 BANKED LINKER/LOCATER V4.20                                                      07/03/2002  08:51:27  PAGE 63



  -------         MODULE        ?C?IILDOPTR
  C:0678H         PUBLIC        ?C?IILDOPTR
  -------         ENDMOD        ?C?IILDOPTR

  -------         MODULE        ?C?ISTPTR
  C:06C5H         PUBLIC        ?C?ISTPTR
  -------         ENDMOD        ?C?ISTPTR

  -------         MODULE        ?C?ISTOPTR
  C:06E4H         PUBLIC        ?C?ISTOPTR
  -------         ENDMOD        ?C?ISTOPTR

  -------         MODULE        ?C?LADD
  C:0711H         PUBLIC        ?C?LADD
  -------         ENDMOD        ?C?LADD

  -------         MODULE        ?C?LMUL
  C:071EH         PUBLIC        ?C?LMUL
  -------         ENDMOD        ?C?LMUL

  -------         MODULE        ?C?ULDIV
  C:07A9H         PUBLIC        ?C?ULDIV
  -------         ENDMOD        ?C?ULDIV

  -------         MODULE        ?C?SLDIV
  C:2AA2H         PUBLIC        ?C?SLDIV
  -------         ENDMOD        ?C?SLDIV

  -------         MODULE        ?C?SLCMP
  C:083BH         PUBLIC        ?C?SLCMP
  -------         ENDMOD        ?C?SLCMP

  -------         MODULE        ?C?ULCMP
  C:0851H         PUBLIC        ?C?ULCMP
  -------         ENDMOD        ?C?ULCMP

  -------         MODULE        ?C?ULSHR
  C:0862H         PUBLIC        ?C?ULSHR
  -------         ENDMOD        ?C?ULSHR

  -------         MODULE        ?C?LLDXDATA
  C:0875H         PUBLIC        ?C?LLDXDATA
  -------         ENDMOD        ?C?LLDXDATA

  -------         MODULE        ?C?LLDXDATA0
  C:0881H         PUBLIC        ?C?LLDXDATA0
  -------         ENDMOD        ?C?LLDXDATA0

  -------         MODULE        ?C?LSTXDATA
  C:088DH         PUBLIC        ?C?LSTXDATA
  -------         ENDMOD        ?C?LSTXDATA

  -------         MODULE        ?C?LSTKXDATA
  C:0899H         PUBLIC        ?C?LSTKXDATA
  -------         ENDMOD        ?C?LSTKXDATA

BL51 BANKED LINKER/LOCATER V4.20                                                      07/03/2002  08:51:27  PAGE 64


  -------         MODULE        ?C?OFFXADD
  C:08CAH         PUBLIC        ?C?OFFXADD
  -------         ENDMOD        ?C?OFFXADD

  -------         MODULE        ?C?PLDXDATA
  C:08D6H         PUBLIC        ?C?PLDXDATA
  -------         ENDMOD        ?C?PLDXDATA

  -------         MODULE        ?C?PLDIXDATA
  C:08DFH         PUBLIC        ?C?PLDIXDATA
  -------         ENDMOD        ?C?PLDIXDATA

  -------         MODULE        ?C?PILDXDATA
  C:08F6H         PUBLIC        ?C?PILDXDATA
  -------         ENDMOD        ?C?PILDXDATA

  -------         MODULE        ?C?PSTXDATA
  C:090DH         PUBLIC        ?C?PSTXDATA
  -------         ENDMOD        ?C?PSTXDATA

  -------         MODULE        ?C?PLDPTR
  C:0916H         PUBLIC        ?C?PLDPTR
  -------         ENDMOD        ?C?PLDPTR

  -------         MODULE        ?C?PSTPTR
  C:0936H         PUBLIC        ?C?PSTPTR
  -------         ENDMOD        ?C?PSTPTR

  -------         MODULE        ?C?PLDOPTR
  C:0985H         PUBLIC        ?C?PLDOPTR
  -------         ENDMOD        ?C?PLDOPTR

  -------         MODULE        ?C?PSTOPTR
  C:09B5H         PUBLIC        ?C?PSTOPTR
  -------         ENDMOD        ?C?PSTOPTR

  -------         MODULE        ?C?CCASE
  C:0A0EH         PUBLIC        ?C?CCASE
  -------         ENDMOD        ?C?CCASE

  -------         MODULE        ?C?ADDXBP
  C:0A34H         PUBLIC        ?C?ADDXBP
  -------         ENDMOD        ?C?ADDXBP

  -------         MODULE        ?C?XBPOFF
  C:0A58H         PUBLIC        ?C?XBPOFF
  -------         ENDMOD        ?C?XBPOFF

  -------         MODULE        PUTCHAR
  C:2C17H         PUBLIC        _PUTCHAR
  -------         ENDMOD        PUTCHAR

  -------         MODULE        ?C?PLDIDATA
  C:0A65H         PUBLIC        ?C?PLDIDATA
  -------         ENDMOD        ?C?PLDIDATA

  -------         MODULE        ?C?PSTIDATA
BL51 BANKED LINKER/LOCATER V4.20                                                      07/03/2002  08:51:27  PAGE 65


  C:0A6EH         PUBLIC        ?C?PSTIDATA
  -------         ENDMOD        ?C?PSTIDATA

  -------         MODULE        ?C?PLDPDATA
  C:0A77H         PUBLIC        ?C?PLDPDATA
  -------         ENDMOD        ?C?PLDPDATA

  -------         MODULE        ?C?PSTPDATA
  C:0A80H         PUBLIC        ?C?PSTPDATA
  -------         ENDMOD        ?C?PSTPDATA

  -------         MODULE        ?C?PLDCODE
  C:0A89H         PUBLIC        ?C?PLDCODE
  -------         ENDMOD        ?C?PLDCODE



FUNCTION REGISTER MASKS


FUNCTION . . . . . . . . REG MASK
---------------------------------

_?USERTICKTIMER. . . . . @0xe000

*** WARNING L16: UNCALLED SEGMENT, IGNORED FOR OVERLAY PROCESS
    SEGMENT: ?PR?_?OSSCHEDLOCK?UCOS_II

*** WARNING L16: UNCALLED SEGMENT, IGNORED FOR OVERLAY PROCESS
    SEGMENT: ?PR?_?OSSCHEDUNLOCK?UCOS_II

*** WARNING L16: UNCALLED SEGMENT, IGNORED FOR OVERLAY PROCESS
    SEGMENT: ?PR?_?OSSTATINIT?UCOS_II

*** WARNING L16: UNCALLED SEGMENT, IGNORED FOR OVERLAY PROCESS
    SEGMENT: ?PR?_?OSVERSION?UCOS_II

*** WARNING L16: UNCALLED SEGMENT, IGNORED FOR OVERLAY PROCESS
    SEGMENT: ?PR?_?OSMBOXACCEPT?UCOS_II

*** WARNING L16: UNCALLED SEGMENT, IGNORED FOR OVERLAY PROCESS
    SEGMENT: ?PR?_?OSMBOXQUERY?UCOS_II

*** WARNING L16: UNCALLED SEGMENT, IGNORED FOR OVERLAY PROCESS
    SEGMENT: ?PR?_?OSSEMACCEPT?UCOS_II

*** WARNING L16: UNCALLED SEGMENT, IGNORED FOR OVERLAY PROCESS
    SEGMENT: ?PR?_?OSSEMQUERY?UCOS_II

*** WARNING L16: UNCALLED SEGMENT, IGNORED FOR OVERLAY PROCESS
    SEGMENT: ?PR?OSDUMMY?UCOS_II

*** WARNING L16: UNCALLED SEGMENT, IGNORED FOR OVERLAY PROCESS
    SEGMENT: ?PR?_?OSTASKQUERY?UCOS_II

*** WARNING L16: UNCALLED SEGMENT, IGNORED FOR OVERLAY PROCESS
    SEGMENT: ?PR?_?OSTIMEDLYHMSM?UCOS_II
BL51 BANKED LINKER/LOCATER V4.20                                                      07/03/2002  08:51:27  PAGE 66



*** WARNING L16: UNCALLED SEGMENT, IGNORED FOR OVERLAY PROCESS
    SEGMENT: ?PR?_?OSTIMEDLYRESUME?UCOS_II

*** WARNING L16: UNCALLED SEGMENT, IGNORED FOR OVERLAY PROCESS
    SEGMENT: ?PR?_?OSTIMEGET?UCOS_II

*** WARNING L16: UNCALLED SEGMENT, IGNORED FOR OVERLAY PROCESS
    SEGMENT: ?PR?_?OSTIMESET?UCOS_II

*** WARNING L16: UNCALLED SEGMENT, IGNORED FOR OVERLAY PROCESS
    SEGMENT: ?PR?_?OSTASKDELHOOK?OS_CPU_C

*** WARNING L16: UNCALLED SEGMENT, IGNORED FOR OVERLAY PROCESS
    SEGMENT: ?PR?_?OSTASKSWHOOK?OS_CPU_C

LINK/LOCATE RUN COMPLETE.  16 WARNING(S),  0 ERROR(S)
